Component: ARM Compiler 5.06 (build 20) Tool: armlink [4d35a3]

==============================================================================

Section Cross References

    startup_stm32l053xx.o(RESET) refers to startup_stm32l053xx.o(STACK) for __initial_sp
    startup_stm32l053xx.o(RESET) refers to startup_stm32l053xx.o(.text) for Reset_Handler
    startup_stm32l053xx.o(RESET) refers to stm32l0xx_it.o(i.SysTick_Handler) for SysTick_Handler
    startup_stm32l053xx.o(RESET) refers to stm32l0xx_it.o(i.RCC_CRS_IRQHandler) for RCC_CRS_IRQHandler
    startup_stm32l053xx.o(RESET) refers to main.o(i.EXTI4_15_IRQHandler) for EXTI4_15_IRQHandler
    startup_stm32l053xx.o(.text) refers to system_stm32l0xx.o(i.SystemInit) for SystemInit
    startup_stm32l053xx.o(.text) refers to entry.o(.ARM.Collect$$$$00000000) for __main
    stm32l0xx_hal_msp.o(i.HAL_MspInit) refers to stm32l0xx_hal_cortex.o(i.HAL_NVIC_SetPriority) for HAL_NVIC_SetPriority
    stm32l0xx_hal_msp.o(i.HAL_MspInit) refers to stm32l0xx_hal_cortex.o(i.HAL_NVIC_EnableIRQ) for HAL_NVIC_EnableIRQ
    stm32l0xx_it.o(i.SysTick_Handler) refers to stm32l0xx_hal.o(i.HAL_IncTick) for HAL_IncTick
    stm32l0xx_it.o(i.SysTick_Handler) refers to stm32l0xx_hal_cortex.o(i.HAL_SYSTICK_IRQHandler) for HAL_SYSTICK_IRQHandler
    main.o(i.EXTI4_15_IRQHandler) refers to stm32l0xx_hal_gpio.o(i.HAL_GPIO_EXTI_IRQHandler) for HAL_GPIO_EXTI_IRQHandler
    main.o(i.HAL_GPIO_EXTI_Callback) refers to stm32l0xx_hal_gpio.o(i.HAL_GPIO_TogglePin) for HAL_GPIO_TogglePin
    main.o(i.HAL_GPIO_EXTI_Callback) refers to main.o(.data) for .data
    main.o(i.SystemClock_Config) refers to stm32l0xx_hal_rcc.o(i.HAL_RCC_OscConfig) for HAL_RCC_OscConfig
    main.o(i.SystemClock_Config) refers to stm32l0xx_hal_rcc.o(i.HAL_RCC_ClockConfig) for HAL_RCC_ClockConfig
    main.o(i.SystemClock_Config) refers to stm32l0xx_hal_rcc.o(i.HAL_RCC_GetHCLKFreq) for HAL_RCC_GetHCLKFreq
    main.o(i.SystemClock_Config) refers to uidiv.o(.text) for __aeabi_uidivmod
    main.o(i.SystemClock_Config) refers to stm32l0xx_hal_cortex.o(i.HAL_SYSTICK_Config) for HAL_SYSTICK_Config
    main.o(i.SystemClock_Config) refers to stm32l0xx_hal_cortex.o(i.HAL_SYSTICK_CLKSourceConfig) for HAL_SYSTICK_CLKSourceConfig
    main.o(i.interrupt_set_up) refers to stm32l0xx_hal_cortex.o(i.HAL_NVIC_SetPriority) for HAL_NVIC_SetPriority
    main.o(i.interrupt_set_up) refers to stm32l0xx_hal_cortex.o(i.HAL_NVIC_EnableIRQ) for HAL_NVIC_EnableIRQ
    main.o(i.main) refers to stm32l0xx_hal.o(i.HAL_Init) for HAL_Init
    main.o(i.main) refers to main.o(i.SystemClock_Config) for SystemClock_Config
    main.o(i.main) refers to gpio.o(i.MX_GPIO_Init) for MX_GPIO_Init
    main.o(i.main) refers to tim.o(i.MX_TIM6_Init) for MX_TIM6_Init
    main.o(i.main) refers to main.o(i.interrupt_set_up) for interrupt_set_up
    main.o(i.main) refers to stm32l0xx_hal_gpio.o(i.HAL_GPIO_TogglePin) for HAL_GPIO_TogglePin
    main.o(i.main) refers to stm32l0xx_hal.o(i.HAL_Delay) for HAL_Delay
    main.o(i.main) refers to main.o(.data) for .data
    gpio.o(i.MX_GPIO_Init) refers to stm32l0xx_hal_gpio.o(i.HAL_GPIO_Init) for HAL_GPIO_Init
    tim.o(i.MX_TIM6_Init) refers to stm32l0xx_hal_tim.o(i.HAL_TIM_Base_Init) for HAL_TIM_Base_Init
    tim.o(i.MX_TIM6_Init) refers to stm32l0xx_hal_tim_ex.o(i.HAL_TIMEx_MasterConfigSynchronization) for HAL_TIMEx_MasterConfigSynchronization
    tim.o(i.MX_TIM6_Init) refers to tim.o(.bss) for .bss
    stm32l0xx_hal_rcc_ex.o(i.HAL_RCCEx_CRSWaitSynchronization) refers to stm32l0xx_hal.o(i.HAL_GetTick) for HAL_GetTick
    stm32l0xx_hal_rcc_ex.o(i.HAL_RCCEx_PeriphCLKConfig) refers to stm32l0xx_hal.o(i.HAL_GetTick) for HAL_GetTick
    stm32l0xx_hal_flash_ex.o(i.FLASH_OB_PCROPConfig) refers to stm32l0xx_hal_flash.o(i.FLASH_WaitForLastOperation) for FLASH_WaitForLastOperation
    stm32l0xx_hal_flash_ex.o(i.FLASH_OB_PCROPSelectionConfig) refers to stm32l0xx_hal_flash.o(i.FLASH_WaitForLastOperation) for FLASH_WaitForLastOperation
    stm32l0xx_hal_flash_ex.o(i.FLASH_OB_WRPConfig) refers to stm32l0xx_hal_flash.o(i.FLASH_WaitForLastOperation) for FLASH_WaitForLastOperation
    stm32l0xx_hal_flash_ex.o(i.HAL_FLASHEx_AdvOBProgram) refers to stm32l0xx_hal_flash_ex.o(i.FLASH_OB_PCROPConfig) for FLASH_OB_PCROPConfig
    stm32l0xx_hal_flash_ex.o(i.HAL_FLASHEx_AdvOBProgram) refers to stm32l0xx_hal_flash_ex.o(i.FLASH_OB_PCROPSelectionConfig) for FLASH_OB_PCROPSelectionConfig
    stm32l0xx_hal_flash_ex.o(i.HAL_FLASHEx_AdvOBProgram) refers to stm32l0xx_hal_flash.o(i.FLASH_WaitForLastOperation) for FLASH_WaitForLastOperation
    stm32l0xx_hal_flash_ex.o(i.HAL_FLASHEx_DATAEEPROM_Erase) refers to stm32l0xx_hal_flash.o(i.FLASH_WaitForLastOperation) for FLASH_WaitForLastOperation
    stm32l0xx_hal_flash_ex.o(i.HAL_FLASHEx_DATAEEPROM_Program) refers to stm32l0xx_hal_flash.o(i.FLASH_WaitForLastOperation) for FLASH_WaitForLastOperation
    stm32l0xx_hal_flash_ex.o(i.HAL_FLASHEx_DATAEEPROM_Program) refers to stm32l0xx_hal_flash.o(.bss) for pFlash
[...]
    stm32l0xx_hal_flash_ex.o(i.HAL_FLASHEx_OB_SelectPCROP) refers to stm32l0xx_hal_flash.o(i.FLASH_WaitForLastOperation) for FLASH_WaitForLastOperation
    stm32l0xx_hal_pwr.o(i.HAL_PWR_PVD_IRQHandler) refers to stm32l0xx_hal_pwr.o(i.HAL_PWR_PVDCallback) for HAL_PWR_PVDCallback
    stm32l0xx_hal.o(i.HAL_DeInit) refers to stm32l0xx_hal.o(i.HAL_MspDeInit) for HAL_MspDeInit
    stm32l0xx_hal.o(i.HAL_Delay) refers to stm32l0xx_hal.o(i.HAL_GetTick) for HAL_GetTick
    stm32l0xx_hal.o(i.HAL_GetTick) refers to stm32l0xx_hal.o(.data) for .data
    stm32l0xx_hal.o(i.HAL_IncTick) refers to stm32l0xx_hal.o(.data) for .data
    stm32l0xx_hal.o(i.HAL_Init) refers to stm32l0xx_hal.o(i.HAL_InitTick) for HAL_InitTick
    stm32l0xx_hal.o(i.HAL_Init) refers to stm32l0xx_hal_msp.o(i.HAL_MspInit) for HAL_MspInit
    stm32l0xx_hal.o(i.HAL_InitTick) refers to stm32l0xx_hal_rcc.o(i.HAL_RCC_GetHCLKFreq) for HAL_RCC_GetHCLKFreq
    stm32l0xx_hal.o(i.HAL_InitTick) refers to uidiv.o(.text) for __aeabi_uidivmod
    stm32l0xx_hal.o(i.HAL_InitTick) refers to stm32l0xx_hal_cortex.o(i.HAL_SYSTICK_Config) for HAL_SYSTICK_Config
    stm32l0xx_hal.o(i.HAL_InitTick) refers to stm32l0xx_hal_cortex.o(i.HAL_NVIC_SetPriority) for HAL_NVIC_SetPriority
    stm32l0xx_hal_i2c.o(i.HAL_I2C_DeInit) refers to stm32l0xx_hal_i2c.o(i.HAL_I2C_MspDeInit) for HAL_I2C_MspDeInit
    stm32l0xx_hal_i2c.o(i.HAL_I2C_ER_IRQHandler) refers to stm32l0xx_hal_i2c.o(i.HAL_I2C_ErrorCallback) for HAL_I2C_ErrorCallback
    stm32l0xx_hal_i2c.o(i.HAL_I2C_EV_IRQHandler) refers to stm32l0xx_hal_i2c.o(i.I2C_SlaveTransmit_ISR) for I2C_SlaveTransmit_ISR
    stm32l0xx_hal_i2c.o(i.HAL_I2C_EV_IRQHandler) refers to stm32l0xx_hal_i2c.o(i.I2C_MasterTransmit_ISR) for I2C_MasterTransmit_ISR
    stm32l0xx_hal_i2c.o(i.HAL_I2C_EV_IRQHandler) refers to stm32l0xx_hal_i2c.o(i.I2C_SlaveReceive_ISR) for I2C_SlaveReceive_ISR
    stm32l0xx_hal_i2c.o(i.HAL_I2C_EV_IRQHandler) refers to stm32l0xx_hal_i2c.o(i.I2C_MasterReceive_ISR) for I2C_MasterReceive_ISR
    stm32l0xx_hal_i2c.o(i.HAL_I2C_Init) refers to stm32l0xx_hal_i2c.o(i.HAL_I2C_MspInit) for HAL_I2C_MspInit
    stm32l0xx_hal_i2c.o(i.HAL_I2C_IsDeviceReady) refers to stm32l0xx_hal.o(i.HAL_GetTick) for HAL_GetTick
    stm32l0xx_hal_i2c.o(i.HAL_I2C_IsDeviceReady) refers to stm32l0xx_hal_i2c.o(i.I2C_WaitOnFlagUntilTimeout) for I2C_WaitOnFlagUntilTimeout
    stm32l0xx_hal_i2c.o(i.HAL_I2C_Master_Receive) refers to stm32l0xx_hal_i2c.o(i.I2C_TransferConfig) for I2C_TransferConfig
    stm32l0xx_hal_i2c.o(i.HAL_I2C_Master_Receive) refers to stm32l0xx_hal_i2c.o(i.I2C_WaitOnFlagUntilTimeout) for I2C_WaitOnFlagUntilTimeout
    stm32l0xx_hal_i2c.o(i.HAL_I2C_Master_Receive) refers to stm32l0xx_hal_i2c.o(i.I2C_WaitOnSTOPFlagUntilTimeout) for I2C_WaitOnSTOPFlagUntilTimeout
    stm32l0xx_hal_i2c.o(i.HAL_I2C_Master_Receive_DMA) refers to stm32l0xx_hal_dma.o(i.HAL_DMA_Start_IT) for HAL_DMA_Start_IT
    stm32l0xx_hal_i2c.o(i.HAL_I2C_Master_Receive_DMA) refers to stm32l0xx_hal_i2c.o(i.I2C_TransferConfig) for I2C_TransferConfig
    stm32l0xx_hal_i2c.o(i.HAL_I2C_Master_Receive_DMA) refers to stm32l0xx_hal_i2c.o(i.I2C_WaitOnFlagUntilTimeout) for I2C_WaitOnFlagUntilTimeout
    stm32l0xx_hal_i2c.o(i.HAL_I2C_Master_Receive_DMA) refers to stm32l0xx_hal_i2c.o(i.I2C_DMAMasterReceiveCplt) for I2C_DMAMasterReceiveCplt
    stm32l0xx_hal_i2c.o(i.HAL_I2C_Master_Receive_DMA) refers to stm32l0xx_hal_i2c.o(i.I2C_DMAError) for I2C_DMAError
    stm32l0xx_hal_i2c.o(i.HAL_I2C_Master_Receive_IT) refers to stm32l0xx_hal_i2c.o(i.I2C_TransferConfig) for I2C_TransferConfig
    stm32l0xx_hal_i2c.o(i.HAL_I2C_Master_Transmit) refers to stm32l0xx_hal_i2c.o(i.I2C_TransferConfig) for I2C_TransferConfig
    stm32l0xx_hal_i2c.o(i.HAL_I2C_Master_Transmit) refers to stm32l0xx_hal_i2c.o(i.I2C_WaitOnTXISFlagUntilTimeout) for I2C_WaitOnTXISFlagUntilTimeout
    stm32l0xx_hal_i2c.o(i.HAL_I2C_Master_Transmit) refers to stm32l0xx_hal_i2c.o(i.I2C_WaitOnSTOPFlagUntilTimeout) for I2C_WaitOnSTOPFlagUntilTimeout
    stm32l0xx_hal_i2c.o(i.HAL_I2C_Master_Transmit) refers to stm32l0xx_hal_i2c.o(i.I2C_WaitOnFlagUntilTimeout) for I2C_WaitOnFlagUntilTimeout
    stm32l0xx_hal_i2c.o(i.HAL_I2C_Master_Transmit_DMA) refers to stm32l0xx_hal_dma.o(i.HAL_DMA_Start_IT) for HAL_DMA_Start_IT
    stm32l0xx_hal_i2c.o(i.HAL_I2C_Master_Transmit_DMA) refers to stm32l0xx_hal_i2c.o(i.I2C_TransferConfig) for I2C_TransferConfig
    stm32l0xx_hal_i2c.o(i.HAL_I2C_Master_Transmit_DMA) refers to stm32l0xx_hal_i2c.o(i.I2C_WaitOnTXISFlagUntilTimeout) for I2C_WaitOnTXISFlagUntilTimeout
    stm32l0xx_hal_i2c.o(i.HAL_I2C_Master_Transmit_DMA) refers to stm32l0xx_hal_i2c.o(i.I2C_DMAMasterTransmitCplt) for I2C_DMAMasterTransmitCplt
    stm32l0xx_hal_i2c.o(i.HAL_I2C_Master_Transmit_DMA) refers to stm32l0xx_hal_i2c.o(i.I2C_DMAError) for I2C_DMAError
    stm32l0xx_hal_i2c.o(i.HAL_I2C_Master_Transmit_IT) refers to stm32l0xx_hal_i2c.o(i.I2C_TransferConfig) for I2C_TransferConfig
    stm32l0xx_hal_i2c.o(i.HAL_I2C_Mem_Read) refers to stm32l0xx_hal_i2c.o(i.I2C_RequestMemoryRead) for I2C_RequestMemoryRead
    stm32l0xx_hal_i2c.o(i.HAL_I2C_Mem_Read) refers to stm32l0xx_hal_i2c.o(i.I2C_TransferConfig) for I2C_TransferConfig
    stm32l0xx_hal_i2c.o(i.HAL_I2C_Mem_Read) refers to stm32l0xx_hal_i2c.o(i.I2C_WaitOnFlagUntilTimeout) for I2C_WaitOnFlagUntilTimeout
    stm32l0xx_hal_i2c.o(i.HAL_I2C_Mem_Read) refers to stm32l0xx_hal_i2c.o(i.I2C_WaitOnSTOPFlagUntilTimeout) for I2C_WaitOnSTOPFlagUntilTimeout
    stm32l0xx_hal_i2c.o(i.HAL_I2C_Mem_Read_DMA) refers to stm32l0xx_hal_dma.o(i.HAL_DMA_Start_IT) for HAL_DMA_Start_IT
    stm32l0xx_hal_i2c.o(i.HAL_I2C_Mem_Read_DMA) refers to stm32l0xx_hal_i2c.o(i.I2C_RequestMemoryRead) for I2C_RequestMemoryRead
    stm32l0xx_hal_i2c.o(i.HAL_I2C_Mem_Read_DMA) refers to stm32l0xx_hal_i2c.o(i.I2C_TransferConfig) for I2C_TransferConfig
    stm32l0xx_hal_i2c.o(i.HAL_I2C_Mem_Read_DMA) refers to stm32l0xx_hal_i2c.o(i.I2C_WaitOnFlagUntilTimeout) for I2C_WaitOnFlagUntilTimeout
    stm32l0xx_hal_i2c.o(i.HAL_I2C_Mem_Read_DMA) refers to stm32l0xx_hal_i2c.o(i.I2C_DMAMemReceiveCplt) for I2C_DMAMemReceiveCplt
    stm32l0xx_hal_i2c.o(i.HAL_I2C_Mem_Read_DMA) refers to stm32l0xx_hal_i2c.o(i.I2C_DMAError) for I2C_DMAError
    stm32l0xx_hal_i2c.o(i.HAL_I2C_Mem_Read_IT) refers to stm32l0xx_hal_i2c.o(i.I2C_RequestMemoryRead) for I2C_RequestMemoryRead
    stm32l0xx_hal_i2c.o(i.HAL_I2C_Mem_Read_IT) refers to stm32l0xx_hal_i2c.o(i.I2C_TransferConfig) for I2C_TransferConfig
    stm32l0xx_hal_i2c.o(i.HAL_I2C_Mem_Write) refers to stm32l0xx_hal_i2c.o(i.I2C_RequestMemoryWrite) for I2C_RequestMemoryWrite
    stm32l0xx_hal_i2c.o(i.HAL_I2C_Mem_Write) refers to stm32l0xx_hal_i2c.o(i.I2C_TransferConfig) for I2C_TransferConfig
    stm32l0xx_hal_i2c.o(i.HAL_I2C_Mem_Write) refers to stm32l0xx_hal_i2c.o(i.I2C_WaitOnTXISFlagUntilTimeout) for I2C_WaitOnTXISFlagUntilTimeout
    stm32l0xx_hal_i2c.o(i.HAL_I2C_Mem_Write) refers to stm32l0xx_hal_i2c.o(i.I2C_WaitOnSTOPFlagUntilTimeout) for I2C_WaitOnSTOPFlagUntilTimeout
    stm32l0xx_hal_i2c.o(i.HAL_I2C_Mem_Write) refers to stm32l0xx_hal_i2c.o(i.I2C_WaitOnFlagUntilTimeout) for I2C_WaitOnFlagUntilTimeout
    stm32l0xx_hal_i2c.o(i.HAL_I2C_Mem_Write_DMA) refers to stm32l0xx_hal_dma.o(i.HAL_DMA_Start_IT) for HAL_DMA_Start_IT
    stm32l0xx_hal_i2c.o(i.HAL_I2C_Mem_Write_DMA) refers to stm32l0xx_hal_i2c.o(i.I2C_RequestMemoryWrite) for I2C_RequestMemoryWrite
    stm32l0xx_hal_i2c.o(i.HAL_I2C_Mem_Write_DMA) refers to stm32l0xx_hal_i2c.o(i.I2C_TransferConfig) for I2C_TransferConfig
    stm32l0xx_hal_i2c.o(i.HAL_I2C_Mem_Write_DMA) refers to stm32l0xx_hal_i2c.o(i.I2C_WaitOnTXISFlagUntilTimeout) for I2C_WaitOnTXISFlagUntilTimeout
    stm32l0xx_hal_i2c.o(i.HAL_I2C_Mem_Write_DMA) refers to stm32l0xx_hal_i2c.o(i.I2C_DMAMemTransmitCplt) for I2C_DMAMemTransmitCplt
    stm32l0xx_hal_i2c.o(i.HAL_I2C_Mem_Write_DMA) refers to stm32l0xx_hal_i2c.o(i.I2C_DMAError) for I2C_DMAError
    stm32l0xx_hal_i2c.o(i.HAL_I2C_Mem_Write_IT) refers to stm32l0xx_hal_i2c.o(i.I2C_RequestMemoryWrite) for I2C_RequestMemoryWrite
    stm32l0xx_hal_i2c.o(i.HAL_I2C_Mem_Write_IT) refers to stm32l0xx_hal_i2c.o(i.I2C_TransferConfig) for I2C_TransferConfig
    stm32l0xx_hal_i2c.o(i.HAL_I2C_Slave_Receive) refers to stm32l0xx_hal_i2c.o(i.I2C_WaitOnFlagUntilTimeout) for I2C_WaitOnFlagUntilTimeout
    stm32l0xx_hal_i2c.o(i.HAL_I2C_Slave_Receive) refers to stm32l0xx_hal_i2c.o(i.I2C_WaitOnRXNEFlagUntilTimeout) for I2C_WaitOnRXNEFlagUntilTimeout
    stm32l0xx_hal_i2c.o(i.HAL_I2C_Slave_Receive) refers to stm32l0xx_hal_i2c.o(i.I2C_WaitOnSTOPFlagUntilTimeout) for I2C_WaitOnSTOPFlagUntilTimeout
    stm32l0xx_hal_i2c.o(i.HAL_I2C_Slave_Receive_DMA) refers to stm32l0xx_hal_dma.o(i.HAL_DMA_Start_IT) for HAL_DMA_Start_IT
    stm32l0xx_hal_i2c.o(i.HAL_I2C_Slave_Receive_DMA) refers to stm32l0xx_hal_i2c.o(i.I2C_WaitOnFlagUntilTimeout) for I2C_WaitOnFlagUntilTimeout
    stm32l0xx_hal_i2c.o(i.HAL_I2C_Slave_Receive_DMA) refers to stm32l0xx_hal_i2c.o(i.I2C_DMASlaveReceiveCplt) for I2C_DMASlaveReceiveCplt
    stm32l0xx_hal_i2c.o(i.HAL_I2C_Slave_Receive_DMA) refers to stm32l0xx_hal_i2c.o(i.I2C_DMAError) for I2C_DMAError
    stm32l0xx_hal_i2c.o(i.HAL_I2C_Slave_Transmit) refers to stm32l0xx_hal_i2c.o(i.I2C_WaitOnFlagUntilTimeout) for I2C_WaitOnFlagUntilTimeout
    stm32l0xx_hal_i2c.o(i.HAL_I2C_Slave_Transmit) refers to stm32l0xx_hal_i2c.o(i.I2C_WaitOnTXISFlagUntilTimeout) for I2C_WaitOnTXISFlagUntilTimeout
    stm32l0xx_hal_i2c.o(i.HAL_I2C_Slave_Transmit) refers to stm32l0xx_hal_i2c.o(i.I2C_WaitOnSTOPFlagUntilTimeout) for I2C_WaitOnSTOPFlagUntilTimeout
    stm32l0xx_hal_i2c.o(i.HAL_I2C_Slave_Transmit_DMA) refers to stm32l0xx_hal_dma.o(i.HAL_DMA_Start_IT) for HAL_DMA_Start_IT
    stm32l0xx_hal_i2c.o(i.HAL_I2C_Slave_Transmit_DMA) refers to stm32l0xx_hal_i2c.o(i.I2C_WaitOnFlagUntilTimeout) for I2C_WaitOnFlagUntilTimeout
    stm32l0xx_hal_i2c.o(i.HAL_I2C_Slave_Transmit_DMA) refers to stm32l0xx_hal_i2c.o(i.I2C_DMASlaveTransmitCplt) for I2C_DMASlaveTransmitCplt
    stm32l0xx_hal_i2c.o(i.HAL_I2C_Slave_Transmit_DMA) refers to stm32l0xx_hal_i2c.o(i.I2C_DMAError) for I2C_DMAError
    stm32l0xx_hal_i2c.o(i.I2C_DMAError) refers to stm32l0xx_hal_i2c.o(i.HAL_I2C_ErrorCallback) for HAL_I2C_ErrorCallback
    stm32l0xx_hal_i2c.o(i.I2C_DMAMasterReceiveCplt) refers to stm32l0xx_hal_i2c.o(i.I2C_WaitOnFlagUntilTimeout) for I2C_WaitOnFlagUntilTimeout
    stm32l0xx_hal_i2c.o(i.I2C_DMAMasterReceiveCplt) refers to stm32l0xx_hal_i2c.o(i.I2C_WaitOnSTOPFlagUntilTimeout) for I2C_WaitOnSTOPFlagUntilTimeout
    stm32l0xx_hal_i2c.o(i.I2C_DMAMasterReceiveCplt) refers to stm32l0xx_hal_dma.o(i.HAL_DMA_Start_IT) for HAL_DMA_Start_IT
    stm32l0xx_hal_i2c.o(i.I2C_DMAMasterReceiveCplt) refers to stm32l0xx_hal_i2c.o(i.I2C_TransferConfig) for I2C_TransferConfig
    stm32l0xx_hal_i2c.o(i.I2C_DMAMasterReceiveCplt) refers to stm32l0xx_hal_i2c.o(i.HAL_I2C_ErrorCallback) for HAL_I2C_ErrorCallback
    stm32l0xx_hal_i2c.o(i.I2C_DMAMasterReceiveCplt) refers to stm32l0xx_hal_i2c.o(i.HAL_I2C_MasterRxCpltCallback) for HAL_I2C_MasterRxCpltCallback
    stm32l0xx_hal_i2c.o(i.I2C_DMAMasterTransmitCplt) refers to stm32l0xx_hal_i2c.o(i.I2C_WaitOnFlagUntilTimeout) for I2C_WaitOnFlagUntilTimeout
    stm32l0xx_hal_i2c.o(i.I2C_DMAMasterTransmitCplt) refers to stm32l0xx_hal_i2c.o(i.I2C_WaitOnSTOPFlagUntilTimeout) for I2C_WaitOnSTOPFlagUntilTimeout
    stm32l0xx_hal_i2c.o(i.I2C_DMAMasterTransmitCplt) refers to stm32l0xx_hal_dma.o(i.HAL_DMA_Start_IT) for HAL_DMA_Start_IT
    stm32l0xx_hal_i2c.o(i.I2C_DMAMasterTransmitCplt) refers to stm32l0xx_hal_i2c.o(i.I2C_TransferConfig) for I2C_TransferConfig
    stm32l0xx_hal_i2c.o(i.I2C_DMAMasterTransmitCplt) refers to stm32l0xx_hal_i2c.o(i.I2C_WaitOnTXISFlagUntilTimeout) for I2C_WaitOnTXISFlagUntilTimeout
    stm32l0xx_hal_i2c.o(i.I2C_DMAMasterTransmitCplt) refers to stm32l0xx_hal_i2c.o(i.HAL_I2C_ErrorCallback) for HAL_I2C_ErrorCallback
    stm32l0xx_hal_i2c.o(i.I2C_DMAMasterTransmitCplt) refers to stm32l0xx_hal_i2c.o(i.HAL_I2C_MasterTxCpltCallback) for HAL_I2C_MasterTxCpltCallback
    stm32l0xx_hal_i2c.o(i.I2C_DMAMemReceiveCplt) refers to stm32l0xx_hal_i2c.o(i.I2C_WaitOnFlagUntilTimeout) for I2C_WaitOnFlagUntilTimeout
    stm32l0xx_hal_i2c.o(i.I2C_DMAMemReceiveCplt) refers to stm32l0xx_hal_i2c.o(i.I2C_WaitOnSTOPFlagUntilTimeout) for I2C_WaitOnSTOPFlagUntilTimeout
    stm32l0xx_hal_i2c.o(i.I2C_DMAMemReceiveCplt) refers to stm32l0xx_hal_dma.o(i.HAL_DMA_Start_IT) for HAL_DMA_Start_IT
    stm32l0xx_hal_i2c.o(i.I2C_DMAMemReceiveCplt) refers to stm32l0xx_hal_i2c.o(i.I2C_TransferConfig) for I2C_TransferConfig
    stm32l0xx_hal_i2c.o(i.I2C_DMAMemReceiveCplt) refers to stm32l0xx_hal_i2c.o(i.HAL_I2C_ErrorCallback) for HAL_I2C_ErrorCallback
    stm32l0xx_hal_i2c.o(i.I2C_DMAMemReceiveCplt) refers to stm32l0xx_hal_i2c.o(i.HAL_I2C_MemRxCpltCallback) for HAL_I2C_MemRxCpltCallback
    stm32l0xx_hal_i2c.o(i.I2C_DMAMemTransmitCplt) refers to stm32l0xx_hal_i2c.o(i.I2C_WaitOnFlagUntilTimeout) for I2C_WaitOnFlagUntilTimeout
    stm32l0xx_hal_i2c.o(i.I2C_DMAMemTransmitCplt) refers to stm32l0xx_hal_i2c.o(i.I2C_WaitOnSTOPFlagUntilTimeout) for I2C_WaitOnSTOPFlagUntilTimeout
    stm32l0xx_hal_i2c.o(i.I2C_DMAMemTransmitCplt) refers to stm32l0xx_hal_dma.o(i.HAL_DMA_Start_IT) for HAL_DMA_Start_IT
    stm32l0xx_hal_i2c.o(i.I2C_DMAMemTransmitCplt) refers to stm32l0xx_hal_i2c.o(i.I2C_TransferConfig) for I2C_TransferConfig
    stm32l0xx_hal_i2c.o(i.I2C_DMAMemTransmitCplt) refers to stm32l0xx_hal_i2c.o(i.I2C_WaitOnTXISFlagUntilTimeout) for I2C_WaitOnTXISFlagUntilTimeout
    stm32l0xx_hal_i2c.o(i.I2C_DMAMemTransmitCplt) refers to stm32l0xx_hal_i2c.o(i.HAL_I2C_ErrorCallback) for HAL_I2C_ErrorCallback
    stm32l0xx_hal_i2c.o(i.I2C_DMAMemTransmitCplt) refers to stm32l0xx_hal_i2c.o(i.HAL_I2C_MemTxCpltCallback) for HAL_I2C_MemTxCpltCallback
    stm32l0xx_hal_i2c.o(i.I2C_DMASlaveReceiveCplt) refers to stm32l0xx_hal_i2c.o(i.I2C_WaitOnSTOPFlagUntilTimeout) for I2C_WaitOnSTOPFlagUntilTimeout
    stm32l0xx_hal_i2c.o(i.I2C_DMASlaveReceiveCplt) refers to stm32l0xx_hal_i2c.o(i.I2C_WaitOnFlagUntilTimeout) for I2C_WaitOnFlagUntilTimeout
    stm32l0xx_hal_i2c.o(i.I2C_DMASlaveReceiveCplt) refers to stm32l0xx_hal_i2c.o(i.HAL_I2C_ErrorCallback) for HAL_I2C_ErrorCallback
    stm32l0xx_hal_i2c.o(i.I2C_DMASlaveReceiveCplt) refers to stm32l0xx_hal_i2c.o(i.HAL_I2C_SlaveRxCpltCallback) for HAL_I2C_SlaveRxCpltCallback
    stm32l0xx_hal_i2c.o(i.I2C_DMASlaveTransmitCplt) refers to stm32l0xx_hal_i2c.o(i.I2C_WaitOnSTOPFlagUntilTimeout) for I2C_WaitOnSTOPFlagUntilTimeout
    stm32l0xx_hal_i2c.o(i.I2C_DMASlaveTransmitCplt) refers to stm32l0xx_hal_i2c.o(i.I2C_WaitOnFlagUntilTimeout) for I2C_WaitOnFlagUntilTimeout
    stm32l0xx_hal_i2c.o(i.I2C_DMASlaveTransmitCplt) refers to stm32l0xx_hal_i2c.o(i.HAL_I2C_ErrorCallback) for HAL_I2C_ErrorCallback
    stm32l0xx_hal_i2c.o(i.I2C_DMASlaveTransmitCplt) refers to stm32l0xx_hal_i2c.o(i.HAL_I2C_SlaveTxCpltCallback) for HAL_I2C_SlaveTxCpltCallback
    stm32l0xx_hal_i2c.o(i.I2C_IsAcknowledgeFailed) refers to stm32l0xx_hal.o(i.HAL_GetTick) for HAL_GetTick
    stm32l0xx_hal_i2c.o(i.I2C_MasterReceive_ISR) refers to stm32l0xx_hal_i2c.o(i.I2C_TransferConfig) for I2C_TransferConfig
    stm32l0xx_hal_i2c.o(i.I2C_MasterReceive_ISR) refers to stm32l0xx_hal_i2c.o(i.HAL_I2C_MasterRxCpltCallback) for HAL_I2C_MasterRxCpltCallback
    stm32l0xx_hal_i2c.o(i.I2C_MasterReceive_ISR) refers to stm32l0xx_hal_i2c.o(i.HAL_I2C_MemRxCpltCallback) for HAL_I2C_MemRxCpltCallback
    stm32l0xx_hal_i2c.o(i.I2C_MasterReceive_ISR) refers to stm32l0xx_hal_i2c.o(i.HAL_I2C_ErrorCallback) for HAL_I2C_ErrorCallback
    stm32l0xx_hal_i2c.o(i.I2C_MasterTransmit_ISR) refers to stm32l0xx_hal_i2c.o(i.I2C_TransferConfig) for I2C_TransferConfig
    stm32l0xx_hal_i2c.o(i.I2C_MasterTransmit_ISR) refers to stm32l0xx_hal_i2c.o(i.HAL_I2C_MasterTxCpltCallback) for HAL_I2C_MasterTxCpltCallback
    stm32l0xx_hal_i2c.o(i.I2C_MasterTransmit_ISR) refers to stm32l0xx_hal_i2c.o(i.HAL_I2C_MemTxCpltCallback) for HAL_I2C_MemTxCpltCallback
    stm32l0xx_hal_i2c.o(i.I2C_MasterTransmit_ISR) refers to stm32l0xx_hal_i2c.o(i.HAL_I2C_ErrorCallback) for HAL_I2C_ErrorCallback
    stm32l0xx_hal_i2c.o(i.I2C_RequestMemoryRead) refers to stm32l0xx_hal_i2c.o(i.I2C_TransferConfig) for I2C_TransferConfig
    stm32l0xx_hal_i2c.o(i.I2C_RequestMemoryRead) refers to stm32l0xx_hal_i2c.o(i.I2C_WaitOnTXISFlagUntilTimeout) for I2C_WaitOnTXISFlagUntilTimeout
    stm32l0xx_hal_i2c.o(i.I2C_RequestMemoryRead) refers to stm32l0xx_hal_i2c.o(i.I2C_WaitOnFlagUntilTimeout) for I2C_WaitOnFlagUntilTimeout
    stm32l0xx_hal_i2c.o(i.I2C_RequestMemoryWrite) refers to stm32l0xx_hal_i2c.o(i.I2C_TransferConfig) for I2C_TransferConfig
    stm32l0xx_hal_i2c.o(i.I2C_RequestMemoryWrite) refers to stm32l0xx_hal_i2c.o(i.I2C_WaitOnTXISFlagUntilTimeout) for I2C_WaitOnTXISFlagUntilTimeout
    stm32l0xx_hal_i2c.o(i.I2C_RequestMemoryWrite) refers to stm32l0xx_hal_i2c.o(i.I2C_WaitOnFlagUntilTimeout) for I2C_WaitOnFlagUntilTimeout
    stm32l0xx_hal_i2c.o(i.I2C_SlaveReceive_ISR) refers to stm32l0xx_hal_i2c.o(i.HAL_I2C_ErrorCallback) for HAL_I2C_ErrorCallback
    stm32l0xx_hal_i2c.o(i.I2C_SlaveReceive_ISR) refers to stm32l0xx_hal_i2c.o(i.HAL_I2C_SlaveRxCpltCallback) for HAL_I2C_SlaveRxCpltCallback
    stm32l0xx_hal_i2c.o(i.I2C_SlaveTransmit_ISR) refers to stm32l0xx_hal_i2c.o(i.HAL_I2C_ErrorCallback) for HAL_I2C_ErrorCallback
    stm32l0xx_hal_i2c.o(i.I2C_SlaveTransmit_ISR) refers to stm32l0xx_hal_i2c.o(i.HAL_I2C_SlaveTxCpltCallback) for HAL_I2C_SlaveTxCpltCallback
    stm32l0xx_hal_i2c.o(i.I2C_WaitOnFlagUntilTimeout) refers to stm32l0xx_hal.o(i.HAL_GetTick) for HAL_GetTick
    stm32l0xx_hal_i2c.o(i.I2C_WaitOnRXNEFlagUntilTimeout) refers to stm32l0xx_hal.o(i.HAL_GetTick) for HAL_GetTick
    stm32l0xx_hal_i2c.o(i.I2C_WaitOnSTOPFlagUntilTimeout) refers to stm32l0xx_hal.o(i.HAL_GetTick) for HAL_GetTick
    stm32l0xx_hal_i2c.o(i.I2C_WaitOnSTOPFlagUntilTimeout) refers to stm32l0xx_hal_i2c.o(i.I2C_IsAcknowledgeFailed) for I2C_IsAcknowledgeFailed
    stm32l0xx_hal_i2c.o(i.I2C_WaitOnTXISFlagUntilTimeout) refers to stm32l0xx_hal.o(i.HAL_GetTick) for HAL_GetTick
    stm32l0xx_hal_i2c.o(i.I2C_WaitOnTXISFlagUntilTimeout) refers to stm32l0xx_hal_i2c.o(i.I2C_IsAcknowledgeFailed) for I2C_IsAcknowledgeFailed
    stm32l0xx_hal_rcc.o(i.HAL_RCC_ClockConfig) refers to stm32l0xx_hal.o(i.HAL_GetTick) for HAL_GetTick
    stm32l0xx_hal_rcc.o(i.HAL_RCC_ClockConfig) refers to stm32l0xx_hal.o(i.HAL_InitTick) for HAL_InitTick
    stm32l0xx_hal_rcc.o(i.HAL_RCC_GetHCLKFreq) refers to stm32l0xx_hal_rcc.o(i.HAL_RCC_GetSysClockFreq) for HAL_RCC_GetSysClockFreq
    stm32l0xx_hal_rcc.o(i.HAL_RCC_GetHCLKFreq) refers to stm32l0xx_hal_rcc.o(.data) for .data
    stm32l0xx_hal_rcc.o(i.HAL_RCC_GetHCLKFreq) refers to system_stm32l0xx.o(.data) for SystemCoreClock
    stm32l0xx_hal_rcc.o(i.HAL_RCC_GetPCLK1Freq) refers to stm32l0xx_hal_rcc.o(i.HAL_RCC_GetHCLKFreq) for HAL_RCC_GetHCLKFreq
    stm32l0xx_hal_rcc.o(i.HAL_RCC_GetPCLK1Freq) refers to stm32l0xx_hal_rcc.o(.data) for .data
    stm32l0xx_hal_rcc.o(i.HAL_RCC_GetPCLK2Freq) refers to stm32l0xx_hal_rcc.o(i.HAL_RCC_GetHCLKFreq) for HAL_RCC_GetHCLKFreq
    stm32l0xx_hal_rcc.o(i.HAL_RCC_GetPCLK2Freq) refers to stm32l0xx_hal_rcc.o(.data) for .data
    stm32l0xx_hal_rcc.o(i.HAL_RCC_GetSysClockFreq) refers to uidiv.o(.text) for __aeabi_uidivmod
    stm32l0xx_hal_rcc.o(i.HAL_RCC_GetSysClockFreq) refers to stm32l0xx_hal_rcc.o(.constdata) for .constdata
    stm32l0xx_hal_rcc.o(i.HAL_RCC_GetSysClockFreq) refers to stm32l0xx_hal_rcc.o(.data) for .data
    stm32l0xx_hal_rcc.o(i.HAL_RCC_MCOConfig) refers to stm32l0xx_hal_gpio.o(i.HAL_GPIO_Init) for HAL_GPIO_Init
    stm32l0xx_hal_rcc.o(i.HAL_RCC_NMI_IRQHandler) refers to stm32l0xx_hal_rcc.o(i.HAL_RCC_CCSCallback) for HAL_RCC_CCSCallback
    stm32l0xx_hal_rcc.o(i.HAL_RCC_OscConfig) refers to stm32l0xx_hal.o(i.HAL_GetTick) for HAL_GetTick
    stm32l0xx_hal_cortex.o(i.HAL_NVIC_SetPriority) refers to stm32l0xx_hal_cortex.o(i.NVIC_SetPriority) for NVIC_SetPriority
    stm32l0xx_hal_cortex.o(i.HAL_SYSTICK_Config) refers to stm32l0xx_hal_cortex.o(i.NVIC_SetPriority) for NVIC_SetPriority
    stm32l0xx_hal_cortex.o(i.HAL_SYSTICK_IRQHandler) refers to stm32l0xx_hal_cortex.o(i.HAL_SYSTICK_Callback) for HAL_SYSTICK_Callback
    stm32l0xx_hal_dma.o(i.HAL_DMA_Abort) refers to stm32l0xx_hal.o(i.HAL_GetTick) for HAL_GetTick
    stm32l0xx_hal_dma.o(i.HAL_DMA_PollForTransfer) refers to stm32l0xx_hal.o(i.HAL_GetTick) for HAL_GetTick
    stm32l0xx_hal_dma.o(i.HAL_DMA_Start) refers to stm32l0xx_hal_dma.o(i.DMA_SetConfig) for DMA_SetConfig
    stm32l0xx_hal_dma.o(i.HAL_DMA_Start_IT) refers to stm32l0xx_hal_dma.o(i.DMA_SetConfig) for DMA_SetConfig
    stm32l0xx_hal_gpio.o(i.HAL_GPIO_EXTI_IRQHandler) refers to main.o(i.HAL_GPIO_EXTI_Callback) for HAL_GPIO_EXTI_Callback
    stm32l0xx_hal_flash.o(i.FLASH_SetErrorCode) refers to stm32l0xx_hal_flash.o(.bss) for .bss
    stm32l0xx_hal_flash.o(i.FLASH_WaitForLastOperation) refers to stm32l0xx_hal.o(i.HAL_GetTick) for HAL_GetTick
    stm32l0xx_hal_flash.o(i.FLASH_WaitForLastOperation) refers to stm32l0xx_hal_flash.o(i.FLASH_SetErrorCode) for FLASH_SetErrorCode
    stm32l0xx_hal_flash.o(i.HAL_FLASH_GetError) refers to stm32l0xx_hal_flash.o(.bss) for .bss
    stm32l0xx_hal_flash.o(i.HAL_FLASH_IRQHandler) refers to stm32l0xx_hal_flash.o(i.HAL_FLASH_EndOfOperationCallback) for HAL_FLASH_EndOfOperationCallback
    stm32l0xx_hal_flash.o(i.HAL_FLASH_IRQHandler) refers to stm32l0xx_hal_flash.o(i.FLASH_Erase_Page) for FLASH_Erase_Page
    stm32l0xx_hal_flash.o(i.HAL_FLASH_IRQHandler) refers to stm32l0xx_hal_flash.o(i.FLASH_SetErrorCode) for FLASH_SetErrorCode
    stm32l0xx_hal_flash.o(i.HAL_FLASH_IRQHandler) refers to stm32l0xx_hal_flash.o(i.HAL_FLASH_OperationErrorCallback) for HAL_FLASH_OperationErrorCallback
    stm32l0xx_hal_flash.o(i.HAL_FLASH_IRQHandler) refers to stm32l0xx_hal_flash.o(.bss) for .bss
    stm32l0xx_hal_flash.o(i.HAL_FLASH_OB_Launch) refers to stm32l0xx_hal_flash.o(i.FLASH_WaitForLastOperation) for FLASH_WaitForLastOperation
    stm32l0xx_hal_flash.o(i.HAL_FLASH_Program) refers to stm32l0xx_hal_flash.o(i.FLASH_WaitForLastOperation) for FLASH_WaitForLastOperation
    stm32l0xx_hal_flash.o(i.HAL_FLASH_Program) refers to stm32l0xx_hal_flash.o(i.FLASH_Program_Word) for FLASH_Program_Word
    stm32l0xx_hal_flash.o(i.HAL_FLASH_Program) refers to stm32l0xx_hal_flash.o(.bss) for .bss
    stm32l0xx_hal_flash.o(i.HAL_FLASH_Program_IT) refers to stm32l0xx_hal_flash.o(i.FLASH_Program_Word) for FLASH_Program_Word
    stm32l0xx_hal_flash.o(i.HAL_FLASH_Program_IT) refers to stm32l0xx_hal_flash.o(.bss) for .bss
    stm32l0xx_hal_tim.o(i.HAL_TIM_Base_DeInit) refers to tim.o(i.HAL_TIM_Base_MspDeInit) for HAL_TIM_Base_MspDeInit
    stm32l0xx_hal_tim.o(i.HAL_TIM_Base_Init) refers to tim.o(i.HAL_TIM_Base_MspInit) for HAL_TIM_Base_MspInit
    stm32l0xx_hal_tim.o(i.HAL_TIM_Base_Init) refers to stm32l0xx_hal_tim.o(i.TIM_Base_SetConfig) for TIM_Base_SetConfig
    stm32l0xx_hal_tim.o(i.HAL_TIM_Base_Start_DMA) refers to stm32l0xx_hal_dma.o(i.HAL_DMA_Start_IT) for HAL_DMA_Start_IT
    stm32l0xx_hal_tim.o(i.HAL_TIM_Base_Start_DMA) refers to stm32l0xx_hal_tim.o(i.TIM_DMAPeriodElapsedCplt) for TIM_DMAPeriodElapsedCplt
    stm32l0xx_hal_tim.o(i.HAL_TIM_Base_Start_DMA) refers to stm32l0xx_hal_tim.o(i.HAL_TIM_DMAError) for HAL_TIM_DMAError
    stm32l0xx_hal_tim.o(i.HAL_TIM_ConfigClockSource) refers to stm32l0xx_hal_tim.o(i.TIM_ETR_SetConfig) for TIM_ETR_SetConfig
    stm32l0xx_hal_tim.o(i.HAL_TIM_ConfigClockSource) refers to stm32l0xx_hal_tim.o(i.TIM_TI1_ConfigInputStage) for TIM_TI1_ConfigInputStage
    stm32l0xx_hal_tim.o(i.HAL_TIM_ConfigClockSource) refers to stm32l0xx_hal_tim.o(i.TIM_TI2_ConfigInputStage) for TIM_TI2_ConfigInputStage
    stm32l0xx_hal_tim.o(i.HAL_TIM_ConfigClockSource) refers to stm32l0xx_hal_tim.o(i.TIM_ITRx_SetConfig) for TIM_ITRx_SetConfig
    stm32l0xx_hal_tim.o(i.HAL_TIM_ConfigOCrefClear) refers to stm32l0xx_hal_tim.o(i.TIM_ETR_SetConfig) for TIM_ETR_SetConfig
    stm32l0xx_hal_tim.o(i.HAL_TIM_DMABurst_ReadStart) refers to stm32l0xx_hal_dma.o(i.HAL_DMA_Start_IT) for HAL_DMA_Start_IT
    stm32l0xx_hal_tim.o(i.HAL_TIM_DMABurst_ReadStart) refers to stm32l0xx_hal_tim.o(i.HAL_TIM_DMAError) for HAL_TIM_DMAError
    stm32l0xx_hal_tim.o(i.HAL_TIM_DMABurst_ReadStart) refers to stm32l0xx_hal_tim.o(i.TIM_DMATriggerCplt) for TIM_DMATriggerCplt
    stm32l0xx_hal_tim.o(i.HAL_TIM_DMABurst_ReadStart) refers to stm32l0xx_hal_tim.o(i.TIM_DMAPeriodElapsedCplt) for TIM_DMAPeriodElapsedCplt
    stm32l0xx_hal_tim.o(i.HAL_TIM_DMABurst_ReadStart) refers to stm32l0xx_hal_tim.o(i.HAL_TIM_DMACaptureCplt) for HAL_TIM_DMACaptureCplt
    stm32l0xx_hal_tim.o(i.HAL_TIM_DMABurst_WriteStart) refers to stm32l0xx_hal_dma.o(i.HAL_DMA_Start_IT) for HAL_DMA_Start_IT
    stm32l0xx_hal_tim.o(i.HAL_TIM_DMABurst_WriteStart) refers to stm32l0xx_hal_tim.o(i.HAL_TIM_DMAError) for HAL_TIM_DMAError
    stm32l0xx_hal_tim.o(i.HAL_TIM_DMABurst_WriteStart) refers to stm32l0xx_hal_tim.o(i.TIM_DMATriggerCplt) for TIM_DMATriggerCplt
    stm32l0xx_hal_tim.o(i.HAL_TIM_DMABurst_WriteStart) refers to stm32l0xx_hal_tim.o(i.TIM_DMAPeriodElapsedCplt) for TIM_DMAPeriodElapsedCplt
    stm32l0xx_hal_tim.o(i.HAL_TIM_DMABurst_WriteStart) refers to stm32l0xx_hal_tim.o(i.HAL_TIM_DMADelayPulseCplt) for HAL_TIM_DMADelayPulseCplt
    stm32l0xx_hal_tim.o(i.HAL_TIM_DMACaptureCplt) refers to stm32l0xx_hal_tim.o(i.HAL_TIM_IC_CaptureCallback) for HAL_TIM_IC_CaptureCallback
    stm32l0xx_hal_tim.o(i.HAL_TIM_DMADelayPulseCplt) refers to stm32l0xx_hal_tim.o(i.HAL_TIM_PWM_PulseFinishedCallback) for HAL_TIM_PWM_PulseFinishedCallback
    stm32l0xx_hal_tim.o(i.HAL_TIM_DMAError) refers to stm32l0xx_hal_tim.o(i.HAL_TIM_ErrorCallback) for HAL_TIM_ErrorCallback
    stm32l0xx_hal_tim.o(i.HAL_TIM_Encoder_DeInit) refers to stm32l0xx_hal_tim.o(i.HAL_TIM_Encoder_MspDeInit) for HAL_TIM_Encoder_MspDeInit
    stm32l0xx_hal_tim.o(i.HAL_TIM_Encoder_Init) refers to stm32l0xx_hal_tim.o(i.HAL_TIM_Encoder_MspInit) for HAL_TIM_Encoder_MspInit
    stm32l0xx_hal_tim.o(i.HAL_TIM_Encoder_Init) refers to stm32l0xx_hal_tim.o(i.TIM_Base_SetConfig) for TIM_Base_SetConfig
    stm32l0xx_hal_tim.o(i.HAL_TIM_Encoder_Start) refers to stm32l0xx_hal_tim.o(i.TIM_CCxChannelCmd) for TIM_CCxChannelCmd
    stm32l0xx_hal_tim.o(i.HAL_TIM_Encoder_Start_DMA) refers to stm32l0xx_hal_dma.o(i.HAL_DMA_Start_IT) for HAL_DMA_Start_IT
    stm32l0xx_hal_tim.o(i.HAL_TIM_Encoder_Start_DMA) refers to stm32l0xx_hal_tim.o(i.TIM_CCxChannelCmd) for TIM_CCxChannelCmd
    stm32l0xx_hal_tim.o(i.HAL_TIM_Encoder_Start_DMA) refers to stm32l0xx_hal_tim.o(i.HAL_TIM_DMACaptureCplt) for HAL_TIM_DMACaptureCplt
    stm32l0xx_hal_tim.o(i.HAL_TIM_Encoder_Start_DMA) refers to stm32l0xx_hal_tim.o(i.HAL_TIM_DMAError) for HAL_TIM_DMAError
    stm32l0xx_hal_tim.o(i.HAL_TIM_Encoder_Start_IT) refers to stm32l0xx_hal_tim.o(i.TIM_CCxChannelCmd) for TIM_CCxChannelCmd
    stm32l0xx_hal_tim.o(i.HAL_TIM_Encoder_Stop) refers to stm32l0xx_hal_tim.o(i.TIM_CCxChannelCmd) for TIM_CCxChannelCmd
    stm32l0xx_hal_tim.o(i.HAL_TIM_Encoder_Stop_DMA) refers to stm32l0xx_hal_tim.o(i.TIM_CCxChannelCmd) for TIM_CCxChannelCmd
    stm32l0xx_hal_tim.o(i.HAL_TIM_Encoder_Stop_IT) refers to stm32l0xx_hal_tim.o(i.TIM_CCxChannelCmd) for TIM_CCxChannelCmd
    stm32l0xx_hal_tim.o(i.HAL_TIM_IC_ConfigChannel) refers to stm32l0xx_hal_tim.o(i.TIM_TI1_SetConfig) for TIM_TI1_SetConfig
    stm32l0xx_hal_tim.o(i.HAL_TIM_IC_ConfigChannel) refers to stm32l0xx_hal_tim.o(i.TIM_TI2_SetConfig) for TIM_TI2_SetConfig
    stm32l0xx_hal_tim.o(i.HAL_TIM_IC_DeInit) refers to stm32l0xx_hal_tim.o(i.HAL_TIM_IC_MspDeInit) for HAL_TIM_IC_MspDeInit
    stm32l0xx_hal_tim.o(i.HAL_TIM_IC_Init) refers to stm32l0xx_hal_tim.o(i.HAL_TIM_IC_MspInit) for HAL_TIM_IC_MspInit
    stm32l0xx_hal_tim.o(i.HAL_TIM_IC_Init) refers to stm32l0xx_hal_tim.o(i.TIM_Base_SetConfig) for TIM_Base_SetConfig
    stm32l0xx_hal_tim.o(i.HAL_TIM_IC_Start) refers to stm32l0xx_hal_tim.o(i.TIM_CCxChannelCmd) for TIM_CCxChannelCmd
    stm32l0xx_hal_tim.o(i.HAL_TIM_IC_Start_DMA) refers to stm32l0xx_hal_dma.o(i.HAL_DMA_Start_IT) for HAL_DMA_Start_IT
    stm32l0xx_hal_tim.o(i.HAL_TIM_IC_Start_DMA) refers to stm32l0xx_hal_tim.o(i.TIM_CCxChannelCmd) for TIM_CCxChannelCmd
    stm32l0xx_hal_tim.o(i.HAL_TIM_IC_Start_DMA) refers to stm32l0xx_hal_tim.o(i.HAL_TIM_DMACaptureCplt) for HAL_TIM_DMACaptureCplt
    stm32l0xx_hal_tim.o(i.HAL_TIM_IC_Start_DMA) refers to stm32l0xx_hal_tim.o(i.HAL_TIM_DMAError) for HAL_TIM_DMAError
    stm32l0xx_hal_tim.o(i.HAL_TIM_IC_Start_IT) refers to stm32l0xx_hal_tim.o(i.TIM_CCxChannelCmd) for TIM_CCxChannelCmd
    stm32l0xx_hal_tim.o(i.HAL_TIM_IC_Stop) refers to stm32l0xx_hal_tim.o(i.TIM_CCxChannelCmd) for TIM_CCxChannelCmd
    stm32l0xx_hal_tim.o(i.HAL_TIM_IC_Stop_DMA) refers to stm32l0xx_hal_tim.o(i.TIM_CCxChannelCmd) for TIM_CCxChannelCmd
    stm32l0xx_hal_tim.o(i.HAL_TIM_IC_Stop_IT) refers to stm32l0xx_hal_tim.o(i.TIM_CCxChannelCmd) for TIM_CCxChannelCmd
    stm32l0xx_hal_tim.o(i.HAL_TIM_IRQHandler) refers to stm32l0xx_hal_tim.o(i.HAL_TIM_IC_CaptureCallback) for HAL_TIM_IC_CaptureCallback
    stm32l0xx_hal_tim.o(i.HAL_TIM_IRQHandler) refers to stm32l0xx_hal_tim.o(i.HAL_TIM_OC_DelayElapsedCallback) for HAL_TIM_OC_DelayElapsedCallback
    stm32l0xx_hal_tim.o(i.HAL_TIM_IRQHandler) refers to stm32l0xx_hal_tim.o(i.HAL_TIM_PWM_PulseFinishedCallback) for HAL_TIM_PWM_PulseFinishedCallback
    stm32l0xx_hal_tim.o(i.HAL_TIM_IRQHandler) refers to stm32l0xx_hal_tim.o(i.HAL_TIM_PeriodElapsedCallback) for HAL_TIM_PeriodElapsedCallback
    stm32l0xx_hal_tim.o(i.HAL_TIM_IRQHandler) refers to stm32l0xx_hal_tim.o(i.HAL_TIM_TriggerCallback) for HAL_TIM_TriggerCallback
    stm32l0xx_hal_tim.o(i.HAL_TIM_OC_ConfigChannel) refers to stm32l0xx_hal_tim.o(i.TIM_OC1_SetConfig) for TIM_OC1_SetConfig
    stm32l0xx_hal_tim.o(i.HAL_TIM_OC_ConfigChannel) refers to stm32l0xx_hal_tim.o(i.TIM_OC2_SetConfig) for TIM_OC2_SetConfig
    stm32l0xx_hal_tim.o(i.HAL_TIM_OC_ConfigChannel) refers to stm32l0xx_hal_tim.o(i.TIM_OC3_SetConfig) for TIM_OC3_SetConfig
    stm32l0xx_hal_tim.o(i.HAL_TIM_OC_ConfigChannel) refers to stm32l0xx_hal_tim.o(i.TIM_OC4_SetConfig) for TIM_OC4_SetConfig
    stm32l0xx_hal_tim.o(i.HAL_TIM_OC_DeInit) refers to stm32l0xx_hal_tim.o(i.HAL_TIM_OC_MspDeInit) for HAL_TIM_OC_MspDeInit
    stm32l0xx_hal_tim.o(i.HAL_TIM_OC_Init) refers to stm32l0xx_hal_tim.o(i.HAL_TIM_OC_MspInit) for HAL_TIM_OC_MspInit
    stm32l0xx_hal_tim.o(i.HAL_TIM_OC_Init) refers to stm32l0xx_hal_tim.o(i.TIM_Base_SetConfig) for TIM_Base_SetConfig
    stm32l0xx_hal_tim.o(i.HAL_TIM_OC_Start) refers to stm32l0xx_hal_tim.o(i.TIM_CCxChannelCmd) for TIM_CCxChannelCmd
    stm32l0xx_hal_tim.o(i.HAL_TIM_OC_Start_DMA) refers to stm32l0xx_hal_dma.o(i.HAL_DMA_Start_IT) for HAL_DMA_Start_IT
    stm32l0xx_hal_tim.o(i.HAL_TIM_OC_Start_DMA) refers to stm32l0xx_hal_tim.o(i.TIM_CCxChannelCmd) for TIM_CCxChannelCmd
    stm32l0xx_hal_tim.o(i.HAL_TIM_OC_Start_DMA) refers to stm32l0xx_hal_tim.o(i.HAL_TIM_DMADelayPulseCplt) for HAL_TIM_DMADelayPulseCplt
    stm32l0xx_hal_tim.o(i.HAL_TIM_OC_Start_DMA) refers to stm32l0xx_hal_tim.o(i.HAL_TIM_DMAError) for HAL_TIM_DMAError
    stm32l0xx_hal_tim.o(i.HAL_TIM_OC_Start_IT) refers to stm32l0xx_hal_tim.o(i.TIM_CCxChannelCmd) for TIM_CCxChannelCmd
    stm32l0xx_hal_tim.o(i.HAL_TIM_OC_Stop) refers to stm32l0xx_hal_tim.o(i.TIM_CCxChannelCmd) for TIM_CCxChannelCmd
    stm32l0xx_hal_tim.o(i.HAL_TIM_OC_Stop_DMA) refers to stm32l0xx_hal_tim.o(i.TIM_CCxChannelCmd) for TIM_CCxChannelCmd
    stm32l0xx_hal_tim.o(i.HAL_TIM_OC_Stop_IT) refers to stm32l0xx_hal_tim.o(i.TIM_CCxChannelCmd) for TIM_CCxChannelCmd
    stm32l0xx_hal_tim.o(i.HAL_TIM_OnePulse_ConfigChannel) refers to stm32l0xx_hal_tim.o(i.TIM_OC1_SetConfig) for TIM_OC1_SetConfig
    stm32l0xx_hal_tim.o(i.HAL_TIM_OnePulse_ConfigChannel) refers to stm32l0xx_hal_tim.o(i.TIM_OC2_SetConfig) for TIM_OC2_SetConfig
    stm32l0xx_hal_tim.o(i.HAL_TIM_OnePulse_ConfigChannel) refers to stm32l0xx_hal_tim.o(i.TIM_TI1_SetConfig) for TIM_TI1_SetConfig
    stm32l0xx_hal_tim.o(i.HAL_TIM_OnePulse_ConfigChannel) refers to stm32l0xx_hal_tim.o(i.TIM_TI2_SetConfig) for TIM_TI2_SetConfig
    stm32l0xx_hal_tim.o(i.HAL_TIM_OnePulse_DeInit) refers to stm32l0xx_hal_tim.o(i.HAL_TIM_OnePulse_MspDeInit) for HAL_TIM_OnePulse_MspDeInit
    stm32l0xx_hal_tim.o(i.HAL_TIM_OnePulse_Init) refers to stm32l0xx_hal_tim.o(i.HAL_TIM_OnePulse_MspInit) for HAL_TIM_OnePulse_MspInit
    stm32l0xx_hal_tim.o(i.HAL_TIM_OnePulse_Init) refers to stm32l0xx_hal_tim.o(i.TIM_Base_SetConfig) for TIM_Base_SetConfig
    stm32l0xx_hal_tim.o(i.HAL_TIM_OnePulse_Start) refers to stm32l0xx_hal_tim.o(i.TIM_CCxChannelCmd) for TIM_CCxChannelCmd
    stm32l0xx_hal_tim.o(i.HAL_TIM_OnePulse_Start_IT) refers to stm32l0xx_hal_tim.o(i.TIM_CCxChannelCmd) for TIM_CCxChannelCmd
    stm32l0xx_hal_tim.o(i.HAL_TIM_OnePulse_Stop) refers to stm32l0xx_hal_tim.o(i.TIM_CCxChannelCmd) for TIM_CCxChannelCmd
    stm32l0xx_hal_tim.o(i.HAL_TIM_OnePulse_Stop_IT) refers to stm32l0xx_hal_tim.o(i.TIM_CCxChannelCmd) for TIM_CCxChannelCmd
    stm32l0xx_hal_tim.o(i.HAL_TIM_PWM_ConfigChannel) refers to stm32l0xx_hal_tim.o(i.TIM_OC1_SetConfig) for TIM_OC1_SetConfig
    stm32l0xx_hal_tim.o(i.HAL_TIM_PWM_ConfigChannel) refers to stm32l0xx_hal_tim.o(i.TIM_OC2_SetConfig) for TIM_OC2_SetConfig
    stm32l0xx_hal_tim.o(i.HAL_TIM_PWM_ConfigChannel) refers to stm32l0xx_hal_tim.o(i.TIM_OC3_SetConfig) for TIM_OC3_SetConfig
    stm32l0xx_hal_tim.o(i.HAL_TIM_PWM_ConfigChannel) refers to stm32l0xx_hal_tim.o(i.TIM_OC4_SetConfig) for TIM_OC4_SetConfig
    stm32l0xx_hal_tim.o(i.HAL_TIM_PWM_DeInit) refers to stm32l0xx_hal_tim.o(i.HAL_TIM_PWM_MspDeInit) for HAL_TIM_PWM_MspDeInit
    stm32l0xx_hal_tim.o(i.HAL_TIM_PWM_Init) refers to stm32l0xx_hal_tim.o(i.HAL_TIM_PWM_MspInit) for HAL_TIM_PWM_MspInit
    stm32l0xx_hal_tim.o(i.HAL_TIM_PWM_Init) refers to stm32l0xx_hal_tim.o(i.TIM_Base_SetConfig) for TIM_Base_SetConfig
    stm32l0xx_hal_tim.o(i.HAL_TIM_PWM_Start) refers to stm32l0xx_hal_tim.o(i.TIM_CCxChannelCmd) for TIM_CCxChannelCmd
    stm32l0xx_hal_tim.o(i.HAL_TIM_PWM_Start_DMA) refers to stm32l0xx_hal_dma.o(i.HAL_DMA_Start_IT) for HAL_DMA_Start_IT
    stm32l0xx_hal_tim.o(i.HAL_TIM_PWM_Start_DMA) refers to stm32l0xx_hal_tim.o(i.TIM_CCxChannelCmd) for TIM_CCxChannelCmd
    stm32l0xx_hal_tim.o(i.HAL_TIM_PWM_Start_DMA) refers to stm32l0xx_hal_tim.o(i.HAL_TIM_DMADelayPulseCplt) for HAL_TIM_DMADelayPulseCplt
    stm32l0xx_hal_tim.o(i.HAL_TIM_PWM_Start_DMA) refers to stm32l0xx_hal_tim.o(i.HAL_TIM_DMAError) for HAL_TIM_DMAError
    stm32l0xx_hal_tim.o(i.HAL_TIM_PWM_Start_IT) refers to stm32l0xx_hal_tim.o(i.TIM_CCxChannelCmd) for TIM_CCxChannelCmd
    stm32l0xx_hal_tim.o(i.HAL_TIM_PWM_Stop) refers to stm32l0xx_hal_tim.o(i.TIM_CCxChannelCmd) for TIM_CCxChannelCmd
    stm32l0xx_hal_tim.o(i.HAL_TIM_PWM_Stop_DMA) refers to stm32l0xx_hal_tim.o(i.TIM_CCxChannelCmd) for TIM_CCxChannelCmd
    stm32l0xx_hal_tim.o(i.HAL_TIM_PWM_Stop_IT) refers to stm32l0xx_hal_tim.o(i.TIM_CCxChannelCmd) for TIM_CCxChannelCmd
    stm32l0xx_hal_tim.o(i.HAL_TIM_SlaveConfigSynchronization) refers to stm32l0xx_hal_tim.o(i.__ARM_common_switch8) for __ARM_common_switch8
    stm32l0xx_hal_tim.o(i.HAL_TIM_SlaveConfigSynchronization) refers to stm32l0xx_hal_tim.o(i.TIM_ETR_SetConfig) for TIM_ETR_SetConfig
    stm32l0xx_hal_tim.o(i.HAL_TIM_SlaveConfigSynchronization) refers to stm32l0xx_hal_tim.o(i.TIM_TI1_ConfigInputStage) for TIM_TI1_ConfigInputStage
    stm32l0xx_hal_tim.o(i.HAL_TIM_SlaveConfigSynchronization) refers to stm32l0xx_hal_tim.o(i.TIM_TI2_ConfigInputStage) for TIM_TI2_ConfigInputStage
    stm32l0xx_hal_tim.o(i.TIM_DMAPeriodElapsedCplt) refers to stm32l0xx_hal_tim.o(i.HAL_TIM_PeriodElapsedCallback) for HAL_TIM_PeriodElapsedCallback
    stm32l0xx_hal_tim.o(i.TIM_DMATriggerCplt) refers to stm32l0xx_hal_tim.o(i.HAL_TIM_TriggerCallback) for HAL_TIM_TriggerCallback
    system_stm32l0xx.o(i.SystemCoreClockUpdate) refers to uidiv.o(.text) for __aeabi_uidivmod
    system_stm32l0xx.o(i.SystemCoreClockUpdate) refers to system_stm32l0xx.o(.data) for .data
    entry.o(.ARM.Collect$$$$00000000) refers (Special) to entry10a.o(.ARM.Collect$$$$0000000D) for __rt_final_cpp
    entry.o(.ARM.Collect$$$$00000000) refers (Special) to entry11a.o(.ARM.Collect$$$$0000000F) for __rt_final_exit
    entry.o(.ARM.Collect$$$$00000000) refers (Special) to entry7b.o(.ARM.Collect$$$$00000008) for _main_clock
    entry.o(.ARM.Collect$$$$00000000) refers (Special) to entry8b.o(.ARM.Collect$$$$0000000A) for _main_cpp_init
    entry.o(.ARM.Collect$$$$00000000) refers (Special) to entry9a.o(.ARM.Collect$$$$0000000B) for _main_init
    entry.o(.ARM.Collect$$$$00000000) refers (Special) to entry5.o(.ARM.Collect$$$$00000004) for _main_scatterload
    entry.o(.ARM.Collect$$$$00000000) refers (Special) to entry2.o(.ARM.Collect$$$$00000001) for _main_stk
    entry2.o(.ARM.Collect$$$$00000001) refers to entry2.o(.ARM.Collect$$$$00002712) for __lit__00000000
    entry2.o(.ARM.Collect$$$$00002712) refers to startup_stm32l053xx.o(STACK) for __initial_sp
    entry2.o(__vectab_stack_and_reset_area) refers to startup_stm32l053xx.o(STACK) for __initial_sp
    entry2.o(__vectab_stack_and_reset_area) refers to entry.o(.ARM.Collect$$$$00000000) for __main
    entry5.o(.ARM.Collect$$$$00000004) refers to init.o(.text) for __scatterload
    entry9a.o(.ARM.Collect$$$$0000000B) refers to main.o(i.main) for main
    entry9b.o(.ARM.Collect$$$$0000000C) refers to main.o(i.main) for main
    init.o(.text) refers to entry5.o(.ARM.Collect$$$$00000004) for __main_after_scatterload


==============================================================================

Removing Unused input sections from the image.

    Removing startup_stm32l053xx.o(HEAP), (512 bytes).
    Removing stm32l0xx_hal_msp.o(.rev16_text), (4 bytes).
    Removing stm32l0xx_hal_msp.o(.revsh_text), (4 bytes).
    Removing stm32l0xx_it.o(.rev16_text), (4 bytes).
    Removing stm32l0xx_it.o(.revsh_text), (4 bytes).
    Removing main.o(.rev16_text), (4 bytes).
    Removing main.o(.revsh_text), (4 bytes).
    Removing main.o(.data), (4 bytes).
    Removing gpio.o(.rev16_text), (4 bytes).
    Removing gpio.o(.revsh_text), (4 bytes).
    Removing tim.o(.rev16_text), (4 bytes).
    Removing tim.o(.revsh_text), (4 bytes).
    Removing tim.o(i.HAL_TIM_Base_MspDeInit), (28 bytes).
    Removing stm32l0xx_hal_rcc_ex.o(.rev16_text), (4 bytes).
    Removing stm32l0xx_hal_rcc_ex.o(.revsh_text), (4 bytes).
    Removing stm32l0xx_hal_rcc_ex.o(i.HAL_RCCEx_CRSConfig), (124 bytes).
    Removing stm32l0xx_hal_rcc_ex.o(i.HAL_RCCEx_CRSGetSynchronizationInfo), (40 bytes).
    Removing stm32l0xx_hal_rcc_ex.o(i.HAL_RCCEx_CRSSoftwareSynchronizationGenerate), (16 bytes).
    Removing stm32l0xx_hal_rcc_ex.o(i.HAL_RCCEx_CRSWaitSynchronization), (136 bytes).
    Removing stm32l0xx_hal_rcc_ex.o(i.HAL_RCCEx_DisableLSECSS), (20 bytes).
    Removing stm32l0xx_hal_rcc_ex.o(i.HAL_RCCEx_EnableLSECSS), (20 bytes).
    Removing stm32l0xx_hal_rcc_ex.o(i.HAL_RCCEx_GetPeriphCLKConfig), (72 bytes).
    Removing stm32l0xx_hal_rcc_ex.o(i.HAL_RCCEx_PeriphCLKConfig), (316 bytes).
    Removing stm32l0xx_hal_flash_ex.o(.rev16_text), (4 bytes).
    Removing stm32l0xx_hal_flash_ex.o(.revsh_text), (4 bytes).
    Removing stm32l0xx_hal_flash_ex.o(i.FLASH_OB_PCROPConfig), (64 bytes).
    Removing stm32l0xx_hal_flash_ex.o(i.FLASH_OB_PCROPSelectionConfig), (44 bytes).
    Removing stm32l0xx_hal_flash_ex.o(i.FLASH_OB_WRPConfig), (64 bytes).
    Removing stm32l0xx_hal_flash_ex.o(i.HAL_FLASHEx_AdvOBGetConfig), (36 bytes).
    Removing stm32l0xx_hal_flash_ex.o(i.HAL_FLASHEx_AdvOBProgram), (104 bytes).
    Removing stm32l0xx_hal_flash_ex.o(i.HAL_FLASHEx_DATAEEPROM_Erase), (22 bytes).
    Removing stm32l0xx_hal_flash_ex.o(i.HAL_FLASHEx_DATAEEPROM_Lock), (20 bytes).
    Removing stm32l0xx_hal_flash_ex.o(i.HAL_FLASHEx_DATAEEPROM_Program), (264 bytes).
    Removing stm32l0xx_hal_flash_ex.o(i.HAL_FLASHEx_DATAEEPROM_Unlock), (36 bytes).
    Removing stm32l0xx_hal_flash_ex.o(i.HAL_FLASHEx_Erase), (120 bytes).
    Removing stm32l0xx_hal_flash_ex.o(i.HAL_FLASHEx_Erase_IT), (84 bytes).
    Removing stm32l0xx_hal_flash_ex.o(i.HAL_FLASHEx_OBGetConfig), (44 bytes).
    Removing stm32l0xx_hal_flash_ex.o(i.HAL_FLASHEx_OBProgram), (228 bytes).
    Removing stm32l0xx_hal_flash_ex.o(i.HAL_FLASHEx_OB_DeSelectPCROP), (40 bytes).
    Removing stm32l0xx_hal_flash_ex.o(i.HAL_FLASHEx_OB_SelectPCROP), (44 bytes).
    Removing stm32l0xx_hal_pwr.o(.rev16_text), (4 bytes).
    Removing stm32l0xx_hal_pwr.o(.revsh_text), (4 bytes).
    Removing stm32l0xx_hal_pwr.o(i.HAL_PWR_DeInit), (24 bytes).
    Removing stm32l0xx_hal_pwr.o(i.HAL_PWR_DisableBkUpAccess), (16 bytes).
    Removing stm32l0xx_hal_pwr.o(i.HAL_PWR_DisablePVD), (16 bytes).
    Removing stm32l0xx_hal_pwr.o(i.HAL_PWR_DisableWakeUpPin), (16 bytes).
    Removing stm32l0xx_hal_pwr.o(i.HAL_PWR_EnableBkUpAccess), (16 bytes).
    Removing stm32l0xx_hal_pwr.o(i.HAL_PWR_EnablePVD), (16 bytes).
    Removing stm32l0xx_hal_pwr.o(i.HAL_PWR_EnableWakeUpPin), (16 bytes).
    Removing stm32l0xx_hal_pwr.o(i.HAL_PWR_EnterSLEEPMode), (48 bytes).
    Removing stm32l0xx_hal_pwr.o(i.HAL_PWR_EnterSTANDBYMode), (32 bytes).
    Removing stm32l0xx_hal_pwr.o(i.HAL_PWR_EnterSTOPMode), (52 bytes).
    Removing stm32l0xx_hal_pwr.o(i.HAL_PWR_PVDCallback), (2 bytes).
    Removing stm32l0xx_hal_pwr.o(i.HAL_PWR_PVDConfig), (96 bytes).
    Removing stm32l0xx_hal_pwr.o(i.HAL_PWR_PVD_IRQHandler), (28 bytes).
    Removing stm32l0xx_hal.o(.rev16_text), (4 bytes).
    Removing stm32l0xx_hal.o(.revsh_text), (4 bytes).
    Removing stm32l0xx_hal.o(i.HAL_ADC_EnableBufferSensor_Cmd), (32 bytes).
    Removing stm32l0xx_hal.o(i.HAL_ADC_EnableBuffer_Cmd), (28 bytes).
    Removing stm32l0xx_hal.o(i.HAL_COMP_EnableBuffer_Cmd), (32 bytes).
    Removing stm32l0xx_hal.o(i.HAL_DBG_LowPowerConfig), (24 bytes).
    Removing stm32l0xx_hal.o(i.HAL_DeInit), (40 bytes).
    Removing stm32l0xx_hal.o(i.HAL_DisableDBGSleepMode), (16 bytes).
    Removing stm32l0xx_hal.o(i.HAL_DisableDBGStandbyMode), (16 bytes).
    Removing stm32l0xx_hal.o(i.HAL_DisableDBGStopMode), (16 bytes).
    Removing stm32l0xx_hal.o(i.HAL_EnableDBGSleepMode), (16 bytes).
    Removing stm32l0xx_hal.o(i.HAL_EnableDBGStandbyMode), (16 bytes).
    Removing stm32l0xx_hal.o(i.HAL_EnableDBGStopMode), (16 bytes).
    Removing stm32l0xx_hal.o(i.HAL_GetBootMode), (16 bytes).
    Removing stm32l0xx_hal.o(i.HAL_GetDEVID), (16 bytes).
    Removing stm32l0xx_hal.o(i.HAL_GetHalVersion), (8 bytes).
    Removing stm32l0xx_hal.o(i.HAL_GetREVID), (12 bytes).
    Removing stm32l0xx_hal.o(i.HAL_I2CFastModePlusConfig), (24 bytes).
    Removing stm32l0xx_hal.o(i.HAL_Lock_Cmd), (28 bytes).
    Removing stm32l0xx_hal.o(i.HAL_MspDeInit), (2 bytes).
    Removing stm32l0xx_hal.o(i.HAL_MspInit), (2 bytes).
    Removing stm32l0xx_hal.o(i.HAL_RC48_EnableBuffer_Cmd), (32 bytes).
    Removing stm32l0xx_hal.o(i.HAL_ResumeTick), (16 bytes).
    Removing stm32l0xx_hal.o(i.HAL_SuspendTick), (16 bytes).
    Removing stm32l0xx_hal.o(i.HAL_VREFINT_Cmd), (28 bytes).
    Removing stm32l0xx_hal.o(i.HAL_VREFINT_OutputSelect), (24 bytes).
    Removing stm32l0xx_hal_pwr_ex.o(.rev16_text), (4 bytes).
    Removing stm32l0xx_hal_pwr_ex.o(.revsh_text), (4 bytes).
    Removing stm32l0xx_hal_pwr_ex.o(i.HAL_PWREx_DisableFastWakeUp), (16 bytes).
    Removing stm32l0xx_hal_pwr_ex.o(i.HAL_PWREx_DisableLowPowerRunMode), (24 bytes).
    Removing stm32l0xx_hal_pwr_ex.o(i.HAL_PWREx_DisableUltraLowPower), (16 bytes).
    Removing stm32l0xx_hal_pwr_ex.o(i.HAL_PWREx_EnableFastWakeUp), (16 bytes).
    Removing stm32l0xx_hal_pwr_ex.o(i.HAL_PWREx_EnableLowPowerRunMode), (24 bytes).
    Removing stm32l0xx_hal_pwr_ex.o(i.HAL_PWREx_EnableUltraLowPower), (16 bytes).
    Removing stm32l0xx_hal_i2c.o(.rev16_text), (4 bytes).
    Removing stm32l0xx_hal_i2c.o(.revsh_text), (4 bytes).
    Removing stm32l0xx_hal_i2c.o(i.HAL_I2C_DeInit), (44 bytes).
    Removing stm32l0xx_hal_i2c.o(i.HAL_I2C_ER_IRQHandler), (112 bytes).
    Removing stm32l0xx_hal_i2c.o(i.HAL_I2C_EV_IRQHandler), (290 bytes).
    Removing stm32l0xx_hal_i2c.o(i.HAL_I2C_ErrorCallback), (2 bytes).
    Removing stm32l0xx_hal_i2c.o(i.HAL_I2C_GetError), (6 bytes).
    Removing stm32l0xx_hal_i2c.o(i.HAL_I2C_GetState), (6 bytes).
    Removing stm32l0xx_hal_i2c.o(i.HAL_I2C_Init), (160 bytes).
    Removing stm32l0xx_hal_i2c.o(i.HAL_I2C_IsDeviceReady), (284 bytes).
    Removing stm32l0xx_hal_i2c.o(i.HAL_I2C_MasterRxCpltCallback), (2 bytes).
    Removing stm32l0xx_hal_i2c.o(i.HAL_I2C_MasterTxCpltCallback), (2 bytes).
    Removing stm32l0xx_hal_i2c.o(i.HAL_I2C_Master_Receive), (240 bytes).
    Removing stm32l0xx_hal_i2c.o(i.HAL_I2C_Master_Receive_DMA), (188 bytes).
    Removing stm32l0xx_hal_i2c.o(i.HAL_I2C_Master_Receive_IT), (132 bytes).
    Removing stm32l0xx_hal_i2c.o(i.HAL_I2C_Master_Transmit), (236 bytes).
    Removing stm32l0xx_hal_i2c.o(i.HAL_I2C_Master_Transmit_DMA), (204 bytes).
    Removing stm32l0xx_hal_i2c.o(i.HAL_I2C_Master_Transmit_IT), (132 bytes).
    Removing stm32l0xx_hal_i2c.o(i.HAL_I2C_MemRxCpltCallback), (2 bytes).
    Removing stm32l0xx_hal_i2c.o(i.HAL_I2C_MemTxCpltCallback), (2 bytes).
    Removing stm32l0xx_hal_i2c.o(i.HAL_I2C_Mem_Read), (276 bytes).
    Removing stm32l0xx_hal_i2c.o(i.HAL_I2C_Mem_Read_DMA), (220 bytes).
    Removing stm32l0xx_hal_i2c.o(i.HAL_I2C_Mem_Read_IT), (160 bytes).
    Removing stm32l0xx_hal_i2c.o(i.HAL_I2C_Mem_Write), (264 bytes).
    Removing stm32l0xx_hal_i2c.o(i.HAL_I2C_Mem_Write_DMA), (220 bytes).
    Removing stm32l0xx_hal_i2c.o(i.HAL_I2C_Mem_Write_IT), (158 bytes).
    Removing stm32l0xx_hal_i2c.o(i.HAL_I2C_MspDeInit), (2 bytes).
    Removing stm32l0xx_hal_i2c.o(i.HAL_I2C_MspInit), (2 bytes).
    Removing stm32l0xx_hal_i2c.o(i.HAL_I2C_SlaveRxCpltCallback), (2 bytes).
    Removing stm32l0xx_hal_i2c.o(i.HAL_I2C_SlaveTxCpltCallback), (2 bytes).
    Removing stm32l0xx_hal_i2c.o(i.HAL_I2C_Slave_Receive), (248 bytes).
    Removing stm32l0xx_hal_i2c.o(i.HAL_I2C_Slave_Receive_DMA), (172 bytes).
    Removing stm32l0xx_hal_i2c.o(i.HAL_I2C_Slave_Receive_IT), (80 bytes).
    Removing stm32l0xx_hal_i2c.o(i.HAL_I2C_Slave_Transmit), (270 bytes).
    Removing stm32l0xx_hal_i2c.o(i.HAL_I2C_Slave_Transmit_DMA), (204 bytes).
    Removing stm32l0xx_hal_i2c.o(i.HAL_I2C_Slave_Transmit_IT), (80 bytes).
    Removing stm32l0xx_hal_i2c.o(i.I2C_DMAError), (42 bytes).
    Removing stm32l0xx_hal_i2c.o(i.I2C_DMAMasterReceiveCplt), (376 bytes).
    Removing stm32l0xx_hal_i2c.o(i.I2C_DMAMasterTransmitCplt), (360 bytes).
    Removing stm32l0xx_hal_i2c.o(i.I2C_DMAMemReceiveCplt), (376 bytes).
    Removing stm32l0xx_hal_i2c.o(i.I2C_DMAMemTransmitCplt), (360 bytes).
    Removing stm32l0xx_hal_i2c.o(i.I2C_DMASlaveReceiveCplt), (118 bytes).
    Removing stm32l0xx_hal_i2c.o(i.I2C_DMASlaveTransmitCplt), (110 bytes).
    Removing stm32l0xx_hal_i2c.o(i.I2C_IsAcknowledgeFailed), (148 bytes).
    Removing stm32l0xx_hal_i2c.o(i.I2C_MasterReceive_ISR), (260 bytes).
    Removing stm32l0xx_hal_i2c.o(i.I2C_MasterTransmit_ISR), (260 bytes).
    Removing stm32l0xx_hal_i2c.o(i.I2C_RequestMemoryRead), (102 bytes).
    Removing stm32l0xx_hal_i2c.o(i.I2C_RequestMemoryWrite), (102 bytes).
    Removing stm32l0xx_hal_i2c.o(i.I2C_SlaveReceive_ISR), (148 bytes).
    Removing stm32l0xx_hal_i2c.o(i.I2C_SlaveTransmit_ISR), (158 bytes).
    Removing stm32l0xx_hal_i2c.o(i.I2C_TransferConfig), (36 bytes).
    Removing stm32l0xx_hal_i2c.o(i.I2C_WaitOnFlagUntilTimeout), (112 bytes).
    Removing stm32l0xx_hal_i2c.o(i.I2C_WaitOnRXNEFlagUntilTimeout), (108 bytes).
    Removing stm32l0xx_hal_i2c.o(i.I2C_WaitOnSTOPFlagUntilTimeout), (80 bytes).
    Removing stm32l0xx_hal_i2c.o(i.I2C_WaitOnTXISFlagUntilTimeout), (84 bytes).
    Removing stm32l0xx_hal_rcc.o(.rev16_text), (4 bytes).
    Removing stm32l0xx_hal_rcc.o(.revsh_text), (4 bytes).
    Removing stm32l0xx_hal_rcc.o(i.HAL_RCC_CCSCallback), (2 bytes).
    Removing stm32l0xx_hal_rcc.o(i.HAL_RCC_DeInit), (44 bytes).
    Removing stm32l0xx_hal_rcc.o(i.HAL_RCC_EnableCSS), (20 bytes).
    Removing stm32l0xx_hal_rcc.o(i.HAL_RCC_GetClockConfig), (64 bytes).
    Removing stm32l0xx_hal_rcc.o(i.HAL_RCC_GetOscConfig), (192 bytes).
    Removing stm32l0xx_hal_rcc.o(i.HAL_RCC_GetPCLK1Freq), (32 bytes).
    Removing stm32l0xx_hal_rcc.o(i.HAL_RCC_GetPCLK2Freq), (32 bytes).
    Removing stm32l0xx_hal_rcc.o(i.HAL_RCC_MCOConfig), (80 bytes).
    Removing stm32l0xx_hal_rcc.o(i.HAL_RCC_NMI_IRQHandler), (24 bytes).
    Removing stm32l0xx_hal_cortex.o(.rev16_text), (4 bytes).
    Removing stm32l0xx_hal_cortex.o(.revsh_text), (4 bytes).
    Removing stm32l0xx_hal_cortex.o(i.HAL_NVIC_ClearPendingIRQ), (20 bytes).
    Removing stm32l0xx_hal_cortex.o(i.HAL_NVIC_DisableIRQ), (20 bytes).
    Removing stm32l0xx_hal_cortex.o(i.HAL_NVIC_GetPendingIRQ), (28 bytes).
    Removing stm32l0xx_hal_cortex.o(i.HAL_NVIC_SetPendingIRQ), (20 bytes).
    Removing stm32l0xx_hal_cortex.o(i.HAL_NVIC_SystemReset), (24 bytes).
    Removing stm32l0xx_hal_dma.o(.rev16_text), (4 bytes).
    Removing stm32l0xx_hal_dma.o(.revsh_text), (4 bytes).
    Removing stm32l0xx_hal_dma.o(i.DMA_SetConfig), (30 bytes).
    Removing stm32l0xx_hal_dma.o(i.HAL_DMA_Abort), (76 bytes).
    Removing stm32l0xx_hal_dma.o(i.HAL_DMA_DeInit), (468 bytes).
    Removing stm32l0xx_hal_dma.o(i.HAL_DMA_GetError), (4 bytes).
    Removing stm32l0xx_hal_dma.o(i.HAL_DMA_GetState), (6 bytes).
    Removing stm32l0xx_hal_dma.o(i.HAL_DMA_IRQHandler), (640 bytes).
    Removing stm32l0xx_hal_dma.o(i.HAL_DMA_Init), (252 bytes).
    Removing stm32l0xx_hal_dma.o(i.HAL_DMA_PollForTransfer), (616 bytes).
    Removing stm32l0xx_hal_dma.o(i.HAL_DMA_Start), (50 bytes).
    Removing stm32l0xx_hal_dma.o(i.HAL_DMA_Start_IT), (78 bytes).
    Removing stm32l0xx_hal_gpio.o(.rev16_text), (4 bytes).
    Removing stm32l0xx_hal_gpio.o(.revsh_text), (4 bytes).
    Removing stm32l0xx_hal_gpio.o(i.HAL_GPIO_DeInit), (136 bytes).
    Removing stm32l0xx_hal_gpio.o(i.HAL_GPIO_EXTI_Callback), (2 bytes).
    Removing stm32l0xx_hal_gpio.o(i.HAL_GPIO_LockPin), (36 bytes).
    Removing stm32l0xx_hal_gpio.o(i.HAL_GPIO_ReadPin), (10 bytes).
    Removing stm32l0xx_hal_gpio.o(i.HAL_GPIO_WritePin), (12 bytes).
    Removing stm32l0xx_hal_flash_ramfunc.o(.rev16_text), (4 bytes).
    Removing stm32l0xx_hal_flash_ramfunc.o(.revsh_text), (4 bytes).
    Removing stm32l0xx_hal_flash_ramfunc.o(i.HAL_FLASHEx_DisableRunPowerDown), (36 bytes).
    Removing stm32l0xx_hal_flash_ramfunc.o(i.HAL_FLASHEx_EnableRunPowerDown), (36 bytes).
    Removing stm32l0xx_hal_flash_ramfunc.o(i.HAL_FLASHEx_HalfPageProgram), (92 bytes).
    Removing stm32l0xx_hal_flash.o(.rev16_text), (4 bytes).
    Removing stm32l0xx_hal_flash.o(.revsh_text), (4 bytes).
    Removing stm32l0xx_hal_flash.o(i.FLASH_Erase_Page), (28 bytes).
    Removing stm32l0xx_hal_flash.o(i.FLASH_Program_Word), (20 bytes).
    Removing stm32l0xx_hal_flash.o(i.FLASH_SetErrorCode), (84 bytes).
    Removing stm32l0xx_hal_flash.o(i.FLASH_WaitForLastOperation), (108 bytes).
    Removing stm32l0xx_hal_flash.o(i.HAL_FLASH_EndOfOperationCallback), (2 bytes).
    Removing stm32l0xx_hal_flash.o(i.HAL_FLASH_GetError), (12 bytes).
    Removing stm32l0xx_hal_flash.o(i.HAL_FLASH_IRQHandler), (248 bytes).
    Removing stm32l0xx_hal_flash.o(i.HAL_FLASH_Lock), (20 bytes).
    Removing stm32l0xx_hal_flash.o(i.HAL_FLASH_OB_Launch), (32 bytes).
    Removing stm32l0xx_hal_flash.o(i.HAL_FLASH_OB_Lock), (20 bytes).
    Removing stm32l0xx_hal_flash.o(i.HAL_FLASH_OB_Unlock), (60 bytes).
    Removing stm32l0xx_hal_flash.o(i.HAL_FLASH_OperationErrorCallback), (2 bytes).
    Removing stm32l0xx_hal_flash.o(i.HAL_FLASH_Program), (84 bytes).
    Removing stm32l0xx_hal_flash.o(i.HAL_FLASH_Program_IT), (84 bytes).
    Removing stm32l0xx_hal_flash.o(i.HAL_FLASH_Unlock), (60 bytes).
    Removing stm32l0xx_hal_flash.o(.bss), (20 bytes).
    Removing stm32l0xx_hal_i2c_ex.o(.rev16_text), (4 bytes).
    Removing stm32l0xx_hal_i2c_ex.o(.revsh_text), (4 bytes).
    Removing stm32l0xx_hal_i2c_ex.o(i.HAL_I2CEx_AnalogFilter_Config), (96 bytes).
    Removing stm32l0xx_hal_i2c_ex.o(i.HAL_I2CEx_DigitalFilter_Config), (94 bytes).
    Removing stm32l0xx_hal_i2c_ex.o(i.HAL_I2CEx_DisableWakeUp), (88 bytes).
    Removing stm32l0xx_hal_i2c_ex.o(i.HAL_I2CEx_EnableWakeUp), (88 bytes).
    Removing stm32l0xx_hal_tim.o(.rev16_text), (4 bytes).
    Removing stm32l0xx_hal_tim.o(.revsh_text), (4 bytes).
    Removing stm32l0xx_hal_tim.o(i.HAL_TIM_Base_DeInit), (44 bytes).
    Removing stm32l0xx_hal_tim.o(i.HAL_TIM_Base_GetState), (6 bytes).
    Removing stm32l0xx_hal_tim.o(i.HAL_TIM_Base_MspDeInit), (2 bytes).
    Removing stm32l0xx_hal_tim.o(i.HAL_TIM_Base_MspInit), (2 bytes).
    Removing stm32l0xx_hal_tim.o(i.HAL_TIM_Base_Start), (24 bytes).
    Removing stm32l0xx_hal_tim.o(i.HAL_TIM_Base_Start_DMA), (100 bytes).
    Removing stm32l0xx_hal_tim.o(i.HAL_TIM_Base_Start_IT), (22 bytes).
    Removing stm32l0xx_hal_tim.o(i.HAL_TIM_Base_Stop), (40 bytes).
    Removing stm32l0xx_hal_tim.o(i.HAL_TIM_Base_Stop_DMA), (44 bytes).
    Removing stm32l0xx_hal_tim.o(i.HAL_TIM_Base_Stop_IT), (36 bytes).
    Removing stm32l0xx_hal_tim.o(i.HAL_TIM_ConfigClockSource), (238 bytes).
    Removing stm32l0xx_hal_tim.o(i.HAL_TIM_ConfigOCrefClear), (158 bytes).
    Removing stm32l0xx_hal_tim.o(i.HAL_TIM_ConfigTI1Input), (16 bytes).
    Removing stm32l0xx_hal_tim.o(i.HAL_TIM_DMABurst_ReadStart), (240 bytes).
    Removing stm32l0xx_hal_tim.o(i.HAL_TIM_DMABurst_ReadStop), (12 bytes).
    Removing stm32l0xx_hal_tim.o(i.HAL_TIM_DMABurst_WriteStart), (240 bytes).
    Removing stm32l0xx_hal_tim.o(i.HAL_TIM_DMABurst_WriteStop), (12 bytes).
    Removing stm32l0xx_hal_tim.o(i.HAL_TIM_DMACaptureCplt), (16 bytes).
    Removing stm32l0xx_hal_tim.o(i.HAL_TIM_DMADelayPulseCplt), (16 bytes).
    Removing stm32l0xx_hal_tim.o(i.HAL_TIM_DMAError), (16 bytes).
    Removing stm32l0xx_hal_tim.o(i.HAL_TIM_Encoder_DeInit), (44 bytes).
    Removing stm32l0xx_hal_tim.o(i.HAL_TIM_Encoder_GetState), (6 bytes).
    Removing stm32l0xx_hal_tim.o(i.HAL_TIM_Encoder_Init), (148 bytes).
    Removing stm32l0xx_hal_tim.o(i.HAL_TIM_Encoder_MspDeInit), (2 bytes).
    Removing stm32l0xx_hal_tim.o(i.HAL_TIM_Encoder_MspInit), (2 bytes).
    Removing stm32l0xx_hal_tim.o(i.HAL_TIM_Encoder_Start), (52 bytes).
    Removing stm32l0xx_hal_tim.o(i.HAL_TIM_Encoder_Start_DMA), (284 bytes).
    Removing stm32l0xx_hal_tim.o(i.HAL_TIM_Encoder_Start_IT), (92 bytes).
    Removing stm32l0xx_hal_tim.o(i.HAL_TIM_Encoder_Stop), (64 bytes).
    Removing stm32l0xx_hal_tim.o(i.HAL_TIM_Encoder_Stop_DMA), (112 bytes).
    Removing stm32l0xx_hal_tim.o(i.HAL_TIM_Encoder_Stop_IT), (112 bytes).
    Removing stm32l0xx_hal_tim.o(i.HAL_TIM_ErrorCallback), (2 bytes).
    Removing stm32l0xx_hal_tim.o(i.HAL_TIM_GenerateEvent), (36 bytes).
    Removing stm32l0xx_hal_tim.o(i.HAL_TIM_IC_CaptureCallback), (2 bytes).
    Removing stm32l0xx_hal_tim.o(i.HAL_TIM_IC_ConfigChannel), (276 bytes).
    Removing stm32l0xx_hal_tim.o(i.HAL_TIM_IC_DeInit), (44 bytes).
    Removing stm32l0xx_hal_tim.o(i.HAL_TIM_IC_GetState), (6 bytes).
    Removing stm32l0xx_hal_tim.o(i.HAL_TIM_IC_Init), (48 bytes).
    Removing stm32l0xx_hal_tim.o(i.HAL_TIM_IC_MspDeInit), (2 bytes).
    Removing stm32l0xx_hal_tim.o(i.HAL_TIM_IC_MspInit), (2 bytes).
    Removing stm32l0xx_hal_tim.o(i.HAL_TIM_IC_Start), (26 bytes).
    Removing stm32l0xx_hal_tim.o(i.HAL_TIM_IC_Start_DMA), (212 bytes).
    Removing stm32l0xx_hal_tim.o(i.HAL_TIM_IC_Start_IT), (72 bytes).
    Removing stm32l0xx_hal_tim.o(i.HAL_TIM_IC_Stop), (40 bytes).
    Removing stm32l0xx_hal_tim.o(i.HAL_TIM_IC_Stop_DMA), (100 bytes).
    Removing stm32l0xx_hal_tim.o(i.HAL_TIM_IC_Stop_IT), (84 bytes).
    Removing stm32l0xx_hal_tim.o(i.HAL_TIM_IRQHandler), (294 bytes).
    Removing stm32l0xx_hal_tim.o(i.HAL_TIM_OC_ConfigChannel), (80 bytes).
    Removing stm32l0xx_hal_tim.o(i.HAL_TIM_OC_DeInit), (44 bytes).
    Removing stm32l0xx_hal_tim.o(i.HAL_TIM_OC_DelayElapsedCallback), (2 bytes).
    Removing stm32l0xx_hal_tim.o(i.HAL_TIM_OC_GetState), (6 bytes).
    Removing stm32l0xx_hal_tim.o(i.HAL_TIM_OC_Init), (48 bytes).
    Removing stm32l0xx_hal_tim.o(i.HAL_TIM_OC_MspDeInit), (2 bytes).
    Removing stm32l0xx_hal_tim.o(i.HAL_TIM_OC_MspInit), (2 bytes).
    Removing stm32l0xx_hal_tim.o(i.HAL_TIM_OC_Start), (26 bytes).
    Removing stm32l0xx_hal_tim.o(i.HAL_TIM_OC_Start_DMA), (220 bytes).
    Removing stm32l0xx_hal_tim.o(i.HAL_TIM_OC_Start_IT), (72 bytes).
    Removing stm32l0xx_hal_tim.o(i.HAL_TIM_OC_Stop), (40 bytes).
    Removing stm32l0xx_hal_tim.o(i.HAL_TIM_OC_Stop_DMA), (100 bytes).
    Removing stm32l0xx_hal_tim.o(i.HAL_TIM_OC_Stop_IT), (84 bytes).
    Removing stm32l0xx_hal_tim.o(i.HAL_TIM_OnePulse_ConfigChannel), (202 bytes).
    Removing stm32l0xx_hal_tim.o(i.HAL_TIM_OnePulse_DeInit), (44 bytes).
    Removing stm32l0xx_hal_tim.o(i.HAL_TIM_OnePulse_GetState), (6 bytes).
    Removing stm32l0xx_hal_tim.o(i.HAL_TIM_OnePulse_Init), (68 bytes).
    Removing stm32l0xx_hal_tim.o(i.HAL_TIM_OnePulse_MspDeInit), (2 bytes).
    Removing stm32l0xx_hal_tim.o(i.HAL_TIM_OnePulse_MspInit), (2 bytes).
    Removing stm32l0xx_hal_tim.o(i.HAL_TIM_OnePulse_Start), (28 bytes).
    Removing stm32l0xx_hal_tim.o(i.HAL_TIM_OnePulse_Start_IT), (48 bytes).
    Removing stm32l0xx_hal_tim.o(i.HAL_TIM_OnePulse_Stop), (52 bytes).
    Removing stm32l0xx_hal_tim.o(i.HAL_TIM_OnePulse_Stop_IT), (72 bytes).
    Removing stm32l0xx_hal_tim.o(i.HAL_TIM_PWM_ConfigChannel), (208 bytes).
    Removing stm32l0xx_hal_tim.o(i.HAL_TIM_PWM_DeInit), (44 bytes).
    Removing stm32l0xx_hal_tim.o(i.HAL_TIM_PWM_GetState), (6 bytes).
    Removing stm32l0xx_hal_tim.o(i.HAL_TIM_PWM_Init), (48 bytes).
    Removing stm32l0xx_hal_tim.o(i.HAL_TIM_PWM_MspDeInit), (2 bytes).
    Removing stm32l0xx_hal_tim.o(i.HAL_TIM_PWM_MspInit), (2 bytes).
    Removing stm32l0xx_hal_tim.o(i.HAL_TIM_PWM_PulseFinishedCallback), (2 bytes).
    Removing stm32l0xx_hal_tim.o(i.HAL_TIM_PWM_Start), (26 bytes).
    Removing stm32l0xx_hal_tim.o(i.HAL_TIM_PWM_Start_DMA), (220 bytes).
    Removing stm32l0xx_hal_tim.o(i.HAL_TIM_PWM_Start_IT), (72 bytes).
    Removing stm32l0xx_hal_tim.o(i.HAL_TIM_PWM_Stop), (44 bytes).
    Removing stm32l0xx_hal_tim.o(i.HAL_TIM_PWM_Stop_DMA), (100 bytes).
    Removing stm32l0xx_hal_tim.o(i.HAL_TIM_PWM_Stop_IT), (84 bytes).
    Removing stm32l0xx_hal_tim.o(i.HAL_TIM_PeriodElapsedCallback), (2 bytes).
    Removing stm32l0xx_hal_tim.o(i.HAL_TIM_ReadCapturedValue), (70 bytes).
    Removing stm32l0xx_hal_tim.o(i.HAL_TIM_SlaveConfigSynchronization), (152 bytes).
    Removing stm32l0xx_hal_tim.o(i.HAL_TIM_TriggerCallback), (2 bytes).
    Removing stm32l0xx_hal_tim.o(i.TIM_CCxChannelCmd), (22 bytes).
    Removing stm32l0xx_hal_tim.o(i.TIM_DMAPeriodElapsedCplt), (16 bytes).
    Removing stm32l0xx_hal_tim.o(i.TIM_DMATriggerCplt), (16 bytes).
    Removing stm32l0xx_hal_tim.o(i.TIM_ETR_SetConfig), (22 bytes).
    Removing stm32l0xx_hal_tim.o(i.TIM_ITRx_SetConfig), (16 bytes).
    Removing stm32l0xx_hal_tim.o(i.TIM_OC1_SetConfig), (48 bytes).
    Removing stm32l0xx_hal_tim.o(i.TIM_OC2_SetConfig), (50 bytes).
    Removing stm32l0xx_hal_tim.o(i.TIM_OC3_SetConfig), (54 bytes).
    Removing stm32l0xx_hal_tim.o(i.TIM_OC4_SetConfig), (54 bytes).
    Removing stm32l0xx_hal_tim.o(i.TIM_TI1_ConfigInputStage), (34 bytes).
    Removing stm32l0xx_hal_tim.o(i.TIM_TI1_SetConfig), (76 bytes).
    Removing stm32l0xx_hal_tim.o(i.TIM_TI2_ConfigInputStage), (38 bytes).
    Removing stm32l0xx_hal_tim.o(i.TIM_TI2_SetConfig), (48 bytes).
    Removing stm32l0xx_hal_tim_ex.o(.rev16_text), (4 bytes).
    Removing stm32l0xx_hal_tim_ex.o(.revsh_text), (4 bytes).
    Removing stm32l0xx_hal_tim_ex.o(i.HAL_TIMEx_RemapConfig), (50 bytes).
    Removing system_stm32l0xx.o(.rev16_text), (4 bytes).
    Removing system_stm32l0xx.o(.revsh_text), (4 bytes).
    Removing system_stm32l0xx.o(i.SystemCoreClockUpdate), (148 bytes).
    Removing stm32l0xx_hal_tim.o(i.__ARM_common_switch8), (26 bytes).

319 unused section(s) (total 22312 bytes) removed from the image.

==============================================================================

Image Symbol Table

    Local Symbols

    Symbol Name                              Value     Ov Type        Size  Object(Section)

    ../clib/microlib/division.c              0x00000000   Number         0  uidiv.o ABSOLUTE
    ../clib/microlib/init/entry.s            0x00000000   Number         0  entry.o ABSOLUTE
    ../clib/microlib/init/entry.s            0x00000000   Number         0  entry2.o ABSOLUTE
    ../clib/microlib/init/entry.s            0x00000000   Number         0  entry9b.o ABSOLUTE
    ../clib/microlib/init/entry.s            0x00000000   Number         0  entry5.o ABSOLUTE
    ../clib/microlib/init/entry.s            0x00000000   Number         0  entry7a.o ABSOLUTE
    ../clib/microlib/init/entry.s            0x00000000   Number         0  entry7b.o ABSOLUTE
    ../clib/microlib/init/entry.s            0x00000000   Number         0  entry8a.o ABSOLUTE
    ../clib/microlib/init/entry.s            0x00000000   Number         0  entry11b.o ABSOLUTE
    ../clib/microlib/init/entry.s            0x00000000   Number         0  entry11a.o ABSOLUTE
    ../clib/microlib/init/entry.s            0x00000000   Number         0  entry8b.o ABSOLUTE
    ../clib/microlib/init/entry.s            0x00000000   Number         0  entry10b.o ABSOLUTE
    ../clib/microlib/init/entry.s            0x00000000   Number         0  entry10a.o ABSOLUTE
    ../clib/microlib/init/entry.s            0x00000000   Number         0  entry9a.o ABSOLUTE
    ..\Drivers\CMSIS\Device\ST\STM32L0xx\Source\Templates\arm\startup_stm32l053xx.s 0x00000000   Number         0  startup_stm32l053xx.o ABSOLUTE
    ..\Drivers\CMSIS\Device\ST\STM32L0xx\Source\Templates\system_stm32l0xx.c 0x00000000   Number         0  system_stm32l0xx.o ABSOLUTE
    ..\Drivers\STM32L0xx_HAL_Driver\Src\stm32l0xx_hal.c 0x00000000   Number         0  stm32l0xx_hal.o ABSOLUTE
    ..\Drivers\STM32L0xx_HAL_Driver\Src\stm32l0xx_hal_cortex.c 0x00000000   Number         0  stm32l0xx_hal_cortex.o ABSOLUTE
    ..\Drivers\STM32L0xx_HAL_Driver\Src\stm32l0xx_hal_dma.c 0x00000000   Number         0  stm32l0xx_hal_dma.o ABSOLUTE
    ..\Drivers\STM32L0xx_HAL_Driver\Src\stm32l0xx_hal_flash.c 0x00000000   Number         0  stm32l0xx_hal_flash.o ABSOLUTE
    ..\Drivers\STM32L0xx_HAL_Driver\Src\stm32l0xx_hal_flash_ex.c 0x00000000   Number         0  stm32l0xx_hal_flash_ex.o ABSOLUTE
    ..\Drivers\STM32L0xx_HAL_Driver\Src\stm32l0xx_hal_flash_ramfunc.c 0x00000000   Number         0  stm32l0xx_hal_flash_ramfunc.o ABSOLUTE
    ..\Drivers\STM32L0xx_HAL_Driver\Src\stm32l0xx_hal_gpio.c 0x00000000   Number         0  stm32l0xx_hal_gpio.o ABSOLUTE
    ..\Drivers\STM32L0xx_HAL_Driver\Src\stm32l0xx_hal_i2c.c 0x00000000   Number         0  stm32l0xx_hal_i2c.o ABSOLUTE
    ..\Drivers\STM32L0xx_HAL_Driver\Src\stm32l0xx_hal_i2c_ex.c 0x00000000   Number         0  stm32l0xx_hal_i2c_ex.o ABSOLUTE
    ..\Drivers\STM32L0xx_HAL_Driver\Src\stm32l0xx_hal_pwr.c 0x00000000   Number         0  stm32l0xx_hal_pwr.o ABSOLUTE
    ..\Drivers\STM32L0xx_HAL_Driver\Src\stm32l0xx_hal_pwr_ex.c 0x00000000   Number         0  stm32l0xx_hal_pwr_ex.o ABSOLUTE
    ..\Drivers\STM32L0xx_HAL_Driver\Src\stm32l0xx_hal_rcc.c 0x00000000   Number         0  stm32l0xx_hal_rcc.o ABSOLUTE
    ..\Drivers\STM32L0xx_HAL_Driver\Src\stm32l0xx_hal_rcc_ex.c 0x00000000   Number         0  stm32l0xx_hal_rcc_ex.o ABSOLUTE
    ..\Drivers\STM32L0xx_HAL_Driver\Src\stm32l0xx_hal_tim.c 0x00000000   Number         0  stm32l0xx_hal_tim.o ABSOLUTE
    ..\Drivers\STM32L0xx_HAL_Driver\Src\stm32l0xx_hal_tim_ex.c 0x00000000   Number         0  stm32l0xx_hal_tim_ex.o ABSOLUTE
    ..\Src\gpio.c                            0x00000000   Number         0  gpio.o ABSOLUTE
    ..\Src\main.c                            0x00000000   Number         0  main.o ABSOLUTE
    ..\Src\stm32l0xx_hal_msp.c               0x00000000   Number         0  stm32l0xx_hal_msp.o ABSOLUTE
    ..\Src\stm32l0xx_it.c                    0x00000000   Number         0  stm32l0xx_it.o ABSOLUTE
    ..\Src\tim.c                             0x00000000   Number         0  tim.o ABSOLUTE
    ..\\Drivers\\CMSIS\\Device\\ST\\STM32L0xx\\Source\\Templates\\system_stm32l0xx.c 0x00000000   Number         0  system_stm32l0xx.o ABSOLUTE
    ..\\Drivers\\STM32L0xx_HAL_Driver\\Src\\stm32l0xx_hal.c 0x00000000   Number         0  stm32l0xx_hal.o ABSOLUTE
    ..\\Drivers\\STM32L0xx_HAL_Driver\\Src\\stm32l0xx_hal_cortex.c 0x00000000   Number         0  stm32l0xx_hal_cortex.o ABSOLUTE
    ..\\Drivers\\STM32L0xx_HAL_Driver\\Src\\stm32l0xx_hal_dma.c 0x00000000   Number         0  stm32l0xx_hal_dma.o ABSOLUTE
    ..\\Drivers\\STM32L0xx_HAL_Driver\\Src\\stm32l0xx_hal_flash.c 0x00000000   Number         0  stm32l0xx_hal_flash.o ABSOLUTE
    ..\\Drivers\\STM32L0xx_HAL_Driver\\Src\\stm32l0xx_hal_flash_ex.c 0x00000000   Number         0  stm32l0xx_hal_flash_ex.o ABSOLUTE
    ..\\Drivers\\STM32L0xx_HAL_Driver\\Src\\stm32l0xx_hal_flash_ramfunc.c 0x00000000   Number         0  stm32l0xx_hal_flash_ramfunc.o ABSOLUTE
    ..\\Drivers\\STM32L0xx_HAL_Driver\\Src\\stm32l0xx_hal_gpio.c 0x00000000   Number         0  stm32l0xx_hal_gpio.o ABSOLUTE
    ..\\Drivers\\STM32L0xx_HAL_Driver\\Src\\stm32l0xx_hal_i2c.c 0x00000000   Number         0  stm32l0xx_hal_i2c.o ABSOLUTE
    ..\\Drivers\\STM32L0xx_HAL_Driver\\Src\\stm32l0xx_hal_i2c_ex.c 0x00000000   Number         0  stm32l0xx_hal_i2c_ex.o ABSOLUTE
    ..\\Drivers\\STM32L0xx_HAL_Driver\\Src\\stm32l0xx_hal_pwr.c 0x00000000   Number         0  stm32l0xx_hal_pwr.o ABSOLUTE
    ..\\Drivers\\STM32L0xx_HAL_Driver\\Src\\stm32l0xx_hal_pwr_ex.c 0x00000000   Number         0  stm32l0xx_hal_pwr_ex.o ABSOLUTE
    ..\\Drivers\\STM32L0xx_HAL_Driver\\Src\\stm32l0xx_hal_rcc.c 0x00000000   Number         0  stm32l0xx_hal_rcc.o ABSOLUTE
    ..\\Drivers\\STM32L0xx_HAL_Driver\\Src\\stm32l0xx_hal_rcc_ex.c 0x00000000   Number         0  stm32l0xx_hal_rcc_ex.o ABSOLUTE
    ..\\Drivers\\STM32L0xx_HAL_Driver\\Src\\stm32l0xx_hal_tim.c 0x00000000   Number         0  stm32l0xx_hal_tim.o ABSOLUTE
    ..\\Drivers\\STM32L0xx_HAL_Driver\\Src\\stm32l0xx_hal_tim_ex.c 0x00000000   Number         0  stm32l0xx_hal_tim_ex.o ABSOLUTE
    ..\\Src\\gpio.c                          0x00000000   Number         0  gpio.o ABSOLUTE
    ..\\Src\\main.c                          0x00000000   Number         0  main.o ABSOLUTE
    ..\\Src\\stm32l0xx_hal_msp.c             0x00000000   Number         0  stm32l0xx_hal_msp.o ABSOLUTE
    ..\\Src\\stm32l0xx_it.c                  0x00000000   Number         0  stm32l0xx_it.o ABSOLUTE
    ..\\Src\\tim.c                           0x00000000   Number         0  tim.o ABSOLUTE
    dc.s                                     0x00000000   Number         0  dc.o ABSOLUTE
    handlers.s                               0x00000000   Number         0  handlers.o ABSOLUTE
    init.s                                   0x00000000   Number         0  init.o ABSOLUTE
    RESET                                    0x08000000   Section      192  startup_stm32l053xx.o(RESET)
    .ARM.Collect$$$$00000000                 0x080000c0   Section        0  entry.o(.ARM.Collect$$$$00000000)
    .ARM.Collect$$$$00000001                 0x080000c0   Section        4  entry2.o(.ARM.Collect$$$$00000001)
    .ARM.Collect$$$$00000004                 0x080000c4   Section        4  entry5.o(.ARM.Collect$$$$00000004)
    .ARM.Collect$$$$00000008                 0x080000c8   Section        0  entry7b.o(.ARM.Collect$$$$00000008)
    .ARM.Collect$$$$0000000A                 0x080000c8   Section        0  entry8b.o(.ARM.Collect$$$$0000000A)
    .ARM.Collect$$$$0000000B                 0x080000c8   Section        8  entry9a.o(.ARM.Collect$$$$0000000B)
    .ARM.Collect$$$$0000000D                 0x080000d0   Section        0  entry10a.o(.ARM.Collect$$$$0000000D)
    .ARM.Collect$$$$0000000F                 0x080000d0   Section        0  entry11a.o(.ARM.Collect$$$$0000000F)
    .ARM.Collect$$$$00002712                 0x080000d0   Section        4  entry2.o(.ARM.Collect$$$$00002712)
    __lit__00000000                          0x080000d0   Data           4  entry2.o(.ARM.Collect$$$$00002712)
    .text                                    0x080000d4   Section       32  startup_stm32l053xx.o(.text)
    .text                                    0x080000f4   Section        0  uidiv.o(.text)
    .text                                    0x08000120   Section       36  init.o(.text)
    i.EXTI4_15_IRQHandler                    0x08000144   Section        0  main.o(i.EXTI4_15_IRQHandler)
    i.HAL_Delay                              0x08000150   Section        0  stm32l0xx_hal.o(i.HAL_Delay)
    i.HAL_GPIO_EXTI_Callback                 0x08000168   Section        0  main.o(i.HAL_GPIO_EXTI_Callback)
    i.HAL_GPIO_EXTI_IRQHandler               0x08000194   Section        0  stm32l0xx_hal_gpio.o(i.HAL_GPIO_EXTI_IRQHandler)
    i.HAL_GPIO_Init                          0x080001ac   Section        0  stm32l0xx_hal_gpio.o(i.HAL_GPIO_Init)
    i.HAL_GPIO_TogglePin                     0x08000320   Section        0  stm32l0xx_hal_gpio.o(i.HAL_GPIO_TogglePin)
    i.HAL_GetTick                            0x08000328   Section        0  stm32l0xx_hal.o(i.HAL_GetTick)
    i.HAL_IncTick                            0x08000334   Section        0  stm32l0xx_hal.o(i.HAL_IncTick)
    i.HAL_Init                               0x08000344   Section        0  stm32l0xx_hal.o(i.HAL_Init)
    i.HAL_InitTick                           0x0800036c   Section        0  stm32l0xx_hal.o(i.HAL_InitTick)
    i.HAL_MspInit                            0x08000390   Section        0  stm32l0xx_hal_msp.o(i.HAL_MspInit)
    i.HAL_NVIC_EnableIRQ                     0x080003bc   Section        0  stm32l0xx_hal_cortex.o(i.HAL_NVIC_EnableIRQ)
    i.HAL_NVIC_SetPriority                   0x080003d0   Section        0  stm32l0xx_hal_cortex.o(i.HAL_NVIC_SetPriority)
    i.HAL_RCC_ClockConfig                    0x080003d8   Section        0  stm32l0xx_hal_rcc.o(i.HAL_RCC_ClockConfig)
    i.HAL_RCC_GetHCLKFreq                    0x080005dc   Section        0  stm32l0xx_hal_rcc.o(i.HAL_RCC_GetHCLKFreq)
    i.HAL_RCC_GetSysClockFreq                0x08000604   Section        0  stm32l0xx_hal_rcc.o(i.HAL_RCC_GetSysClockFreq)
    i.HAL_RCC_OscConfig                      0x0800067c   Section        0  stm32l0xx_hal_rcc.o(i.HAL_RCC_OscConfig)
    i.HAL_SYSTICK_CLKSourceConfig            0x08000a40   Section        0  stm32l0xx_hal_cortex.o(i.HAL_SYSTICK_CLKSourceConfig)
    i.HAL_SYSTICK_Callback                   0x08000a58   Section        0  stm32l0xx_hal_cortex.o(i.HAL_SYSTICK_Callback)
    i.HAL_SYSTICK_Config                     0x08000a5c   Section        0  stm32l0xx_hal_cortex.o(i.HAL_SYSTICK_Config)
    i.HAL_SYSTICK_IRQHandler                 0x08000a8c   Section        0  stm32l0xx_hal_cortex.o(i.HAL_SYSTICK_IRQHandler)
    i.HAL_TIMEx_MasterConfigSynchronization  0x08000a94   Section        0  stm32l0xx_hal_tim_ex.o(i.HAL_TIMEx_MasterConfigSynchronization)
    i.HAL_TIM_Base_Init                      0x08000adc   Section        0  stm32l0xx_hal_tim.o(i.HAL_TIM_Base_Init)
    i.HAL_TIM_Base_MspInit                   0x08000b0c   Section        0  tim.o(i.HAL_TIM_Base_MspInit)
    i.MX_GPIO_Init                           0x08000b28   Section        0  gpio.o(i.MX_GPIO_Init)
    i.MX_TIM6_Init                           0x08000bdc   Section        0  tim.o(i.MX_TIM6_Init)
    i.NVIC_SetPriority                       0x08000c08   Section        0  stm32l0xx_hal_cortex.o(i.NVIC_SetPriority)
    NVIC_SetPriority                         0x08000c09   Thumb Code    60  stm32l0xx_hal_cortex.o(i.NVIC_SetPriority)
    i.RCC_CRS_IRQHandler                     0x08000c4c   Section        0  stm32l0xx_it.o(i.RCC_CRS_IRQHandler)
    i.SysTick_Handler                        0x08000c4e   Section        0  stm32l0xx_it.o(i.SysTick_Handler)
    i.SystemClock_Config                     0x08000c5c   Section        0  main.o(i.SystemClock_Config)
    i.SystemInit                             0x08000cc8   Section        0  system_stm32l0xx.o(i.SystemInit)
    i.TIM_Base_SetConfig                     0x08000d1c   Section        0  stm32l0xx_hal_tim.o(i.TIM_Base_SetConfig)
    TIM_Base_SetConfig                       0x08000d1d   Thumb Code    58  stm32l0xx_hal_tim.o(i.TIM_Base_SetConfig)
    i.__scatterload_copy                     0x08000d60   Section       14  handlers.o(i.__scatterload_copy)
    i.__scatterload_null                     0x08000d6e   Section        2  handlers.o(i.__scatterload_null)
    i.__scatterload_zeroinit                 0x08000d70   Section       14  handlers.o(i.__scatterload_zeroinit)
    i.interrupt_set_up                       0x08000d7e   Section        0  main.o(i.interrupt_set_up)
    i.main                                   0x08000d94   Section        0  main.o(i.main)
    .constdata                               0x08000dc4   Section       28  stm32l0xx_hal_rcc.o(.constdata)
    .data                                    0x20000000   Section        4  main.o(.data)
    .data                                    0x20000004   Section        4  stm32l0xx_hal.o(.data)
    uwTick                                   0x20000004   Data           4  stm32l0xx_hal.o(.data)
    .data                                    0x20000008   Section       25  stm32l0xx_hal_rcc.o(.data)
    PLLMulTable                              0x20000008   Data           9  stm32l0xx_hal_rcc.o(.data)
    APBAHBPrescTable                         0x20000011   Data          16  stm32l0xx_hal_rcc.o(.data)
    .data                                    0x20000024   Section       29  system_stm32l0xx.o(.data)
    .bss                                     0x20000044   Section       56  tim.o(.bss)
    STACK                                    0x20000080   Section     1024  startup_stm32l053xx.o(STACK)

    Global Symbols

    Symbol Name                              Value     Ov Type        Size  Object(Section)

    BuildAttributes$$THM_ISAv3M$S$PE$A:L22$X:L11$S22$IEEE1$IW$USESV6$~STKCKD$USESV7$~SHL$OSPACE$EBA8$MICROLIB$REQ8$PRES8$EABIv2 0x00000000   Number         0  anon$$obj.o ABSOLUTE
    __ARM_use_no_argv                        0x00000000   Number         0  main.o ABSOLUTE
    __cpp_initialize__aeabi_                  - Undefined Weak Reference
    __cxa_finalize                            - Undefined Weak Reference
    __decompress                              - Undefined Weak Reference
    _clock_init                               - Undefined Weak Reference
    _microlib_exit                            - Undefined Weak Reference
    __Vectors_Size                           0x000000c0   Number         0  startup_stm32l053xx.o ABSOLUTE
    __Vectors                                0x08000000   Data           4  startup_stm32l053xx.o(RESET)
    __Vectors_End                            0x080000c0   Data           0  startup_stm32l053xx.o(RESET)
    __main                                   0x080000c1   Thumb Code     0  entry.o(.ARM.Collect$$$$00000000)
    _main_stk                                0x080000c1   Thumb Code     0  entry2.o(.ARM.Collect$$$$00000001)
    _main_scatterload                        0x080000c5   Thumb Code     0  entry5.o(.ARM.Collect$$$$00000004)
    __main_after_scatterload                 0x080000c9   Thumb Code     0  entry5.o(.ARM.Collect$$$$00000004)
    _main_clock                              0x080000c9   Thumb Code     0  entry7b.o(.ARM.Collect$$$$00000008)
    _main_cpp_init                           0x080000c9   Thumb Code     0  entry8b.o(.ARM.Collect$$$$0000000A)
    _main_init                               0x080000c9   Thumb Code     0  entry9a.o(.ARM.Collect$$$$0000000B)
    __rt_final_cpp                           0x080000d1   Thumb Code     0  entry10a.o(.ARM.Collect$$$$0000000D)
    __rt_final_exit                          0x080000d1   Thumb Code     0  entry11a.o(.ARM.Collect$$$$0000000F)
    Reset_Handler                            0x080000d5   Thumb Code     8  startup_stm32l053xx.o(.text)
    NMI_Handler                              0x080000dd   Thumb Code     2  startup_stm32l053xx.o(.text)
    HardFault_Handler                        0x080000df   Thumb Code     2  startup_stm32l053xx.o(.text)
    SVC_Handler                              0x080000e1   Thumb Code     2  startup_stm32l053xx.o(.text)
    DebugMon_Handler                         0x080000e3   Thumb Code     2  startup_stm32l053xx.o(.text)
    PendSV_Handler                           0x080000e5   Thumb Code     2  startup_stm32l053xx.o(.text)
    ADC1_COMP_IRQHandler                     0x080000e9   Thumb Code     0  startup_stm32l053xx.o(.text)
    DMA1_Channel1_IRQHandler                 0x080000e9   Thumb Code     0  startup_stm32l053xx.o(.text)
    DMA1_Channel2_3_IRQHandler               0x080000e9   Thumb Code     0  startup_stm32l053xx.o(.text)
    DMA1_Channel4_5_6_7_IRQHandler           0x080000e9   Thumb Code     0  startup_stm32l053xx.o(.text)
    EXTI0_1_IRQHandler                       0x080000e9   Thumb Code     0  startup_stm32l053xx.o(.text)
    EXTI2_3_IRQHandler                       0x080000e9   Thumb Code     0  startup_stm32l053xx.o(.text)
    FLASH_IRQHandler                         0x080000e9   Thumb Code     0  startup_stm32l053xx.o(.text)
    I2C1_IRQHandler                          0x080000e9   Thumb Code     0  startup_stm32l053xx.o(.text)
    I2C2_IRQHandler                          0x080000e9   Thumb Code     0  startup_stm32l053xx.o(.text)
    LCD_IRQHandler                           0x080000e9   Thumb Code     0  startup_stm32l053xx.o(.text)
    LPTIM1_IRQHandler                        0x080000e9   Thumb Code     0  startup_stm32l053xx.o(.text)
    PVD_IRQHandler                           0x080000e9   Thumb Code     0  startup_stm32l053xx.o(.text)
    RNG_LPUART1_IRQHandler                   0x080000e9   Thumb Code     0  startup_stm32l053xx.o(.text)
    RTC_IRQHandler                           0x080000e9   Thumb Code     0  startup_stm32l053xx.o(.text)
    SPI1_IRQHandler                          0x080000e9   Thumb Code     0  startup_stm32l053xx.o(.text)
    SPI2_IRQHandler                          0x080000e9   Thumb Code     0  startup_stm32l053xx.o(.text)
    TIM21_IRQHandler                         0x080000e9   Thumb Code     0  startup_stm32l053xx.o(.text)
    TIM22_IRQHandler                         0x080000e9   Thumb Code     0  startup_stm32l053xx.o(.text)
    TIM2_IRQHandler                          0x080000e9   Thumb Code     0  startup_stm32l053xx.o(.text)
    TIM6_DAC_IRQHandler                      0x080000e9   Thumb Code     0  startup_stm32l053xx.o(.text)
    TSC_IRQHandler                           0x080000e9   Thumb Code     0  startup_stm32l053xx.o(.text)
    USART1_IRQHandler                        0x080000e9   Thumb Code     0  startup_stm32l053xx.o(.text)
    USART2_IRQHandler                        0x080000e9   Thumb Code     0  startup_stm32l053xx.o(.text)
    USB_IRQHandler                           0x080000e9   Thumb Code     0  startup_stm32l053xx.o(.text)
    WWDG_IRQHandler                          0x080000e9   Thumb Code     0  startup_stm32l053xx.o(.text)
    __aeabi_uidiv                            0x080000f5   Thumb Code     0  uidiv.o(.text)
    __aeabi_uidivmod                         0x080000f5   Thumb Code    44  uidiv.o(.text)
    __scatterload                            0x08000121   Thumb Code    28  init.o(.text)
    __scatterload_rt2                        0x08000121   Thumb Code     0  init.o(.text)
    EXTI4_15_IRQHandler                      0x08000145   Thumb Code    12  main.o(i.EXTI4_15_IRQHandler)
    HAL_Delay                                0x08000151   Thumb Code    22  stm32l0xx_hal.o(i.HAL_Delay)
    HAL_GPIO_EXTI_Callback                   0x08000169   Thumb Code    38  main.o(i.HAL_GPIO_EXTI_Callback)
    HAL_GPIO_EXTI_IRQHandler                 0x08000195   Thumb Code    18  stm32l0xx_hal_gpio.o(i.HAL_GPIO_EXTI_IRQHandler)
    HAL_GPIO_Init                            0x080001ad   Thumb Code   342  stm32l0xx_hal_gpio.o(i.HAL_GPIO_Init)
    HAL_GPIO_TogglePin                       0x08000321   Thumb Code     8  stm32l0xx_hal_gpio.o(i.HAL_GPIO_TogglePin)
    HAL_GetTick                              0x08000329   Thumb Code     6  stm32l0xx_hal.o(i.HAL_GetTick)
    HAL_IncTick                              0x08000335   Thumb Code    10  stm32l0xx_hal.o(i.HAL_IncTick)
    HAL_Init                                 0x08000345   Thumb Code    34  stm32l0xx_hal.o(i.HAL_Init)
    HAL_InitTick                             0x0800036d   Thumb Code    34  stm32l0xx_hal.o(i.HAL_InitTick)
    HAL_MspInit                              0x08000391   Thumb Code    40  stm32l0xx_hal_msp.o(i.HAL_MspInit)
    HAL_NVIC_EnableIRQ                       0x080003bd   Thumb Code    14  stm32l0xx_hal_cortex.o(i.HAL_NVIC_EnableIRQ)
    HAL_NVIC_SetPriority                     0x080003d1   Thumb Code     8  stm32l0xx_hal_cortex.o(i.HAL_NVIC_SetPriority)
    HAL_RCC_ClockConfig                      0x080003d9   Thumb Code   502  stm32l0xx_hal_rcc.o(i.HAL_RCC_ClockConfig)
    HAL_RCC_GetHCLKFreq                      0x080005dd   Thumb Code    26  stm32l0xx_hal_rcc.o(i.HAL_RCC_GetHCLKFreq)
    HAL_RCC_GetSysClockFreq                  0x08000605   Thumb Code    96  stm32l0xx_hal_rcc.o(i.HAL_RCC_GetSysClockFreq)
    HAL_RCC_OscConfig                        0x0800067d   Thumb Code   936  stm32l0xx_hal_rcc.o(i.HAL_RCC_OscConfig)
    HAL_SYSTICK_CLKSourceConfig              0x08000a41   Thumb Code    20  stm32l0xx_hal_cortex.o(i.HAL_SYSTICK_CLKSourceConfig)
    HAL_SYSTICK_Callback                     0x08000a59   Thumb Code     2  stm32l0xx_hal_cortex.o(i.HAL_SYSTICK_Callback)
    HAL_SYSTICK_Config                       0x08000a5d   Thumb Code    38  stm32l0xx_hal_cortex.o(i.HAL_SYSTICK_Config)
    HAL_SYSTICK_IRQHandler                   0x08000a8d   Thumb Code     8  stm32l0xx_hal_cortex.o(i.HAL_SYSTICK_IRQHandler)
    HAL_TIMEx_MasterConfigSynchronization    0x08000a95   Thumb Code    72  stm32l0xx_hal_tim_ex.o(i.HAL_TIMEx_MasterConfigSynchronization)
    HAL_TIM_Base_Init                        0x08000add   Thumb Code    48  stm32l0xx_hal_tim.o(i.HAL_TIM_Base_Init)
    HAL_TIM_Base_MspInit                     0x08000b0d   Thumb Code    20  tim.o(i.HAL_TIM_Base_MspInit)
    MX_GPIO_Init                             0x08000b29   Thumb Code   160  gpio.o(i.MX_GPIO_Init)
    MX_TIM6_Init                             0x08000bdd   Thumb Code    34  tim.o(i.MX_TIM6_Init)
    RCC_CRS_IRQHandler                       0x08000c4d   Thumb Code     2  stm32l0xx_it.o(i.RCC_CRS_IRQHandler)
    SysTick_Handler                          0x08000c4f   Thumb Code    12  stm32l0xx_it.o(i.SysTick_Handler)
    SystemClock_Config                       0x08000c5d   Thumb Code   100  main.o(i.SystemClock_Config)
    SystemInit                               0x08000cc9   Thumb Code    66  system_stm32l0xx.o(i.SystemInit)
    __scatterload_copy                       0x08000d61   Thumb Code    14  handlers.o(i.__scatterload_copy)
    __scatterload_null                       0x08000d6f   Thumb Code     2  handlers.o(i.__scatterload_null)
    __scatterload_zeroinit                   0x08000d71   Thumb Code    14  handlers.o(i.__scatterload_zeroinit)
    interrupt_set_up                         0x08000d7f   Thumb Code    20  main.o(i.interrupt_set_up)
    main                                     0x08000d95   Thumb Code    42  main.o(i.main)
    MSIRangeTable                            0x08000dc4   Data          28  stm32l0xx_hal_rcc.o(.constdata)
    Region$$Table$$Base                      0x08000de0   Number         0  anon$$obj.o(Region$$Table)
    Region$$Table$$Limit                     0x08000e00   Number         0  anon$$obj.o(Region$$Table)
    blink_period                             0x20000000   Data           4  main.o(.data)
    SystemCoreClock                          0x20000024   Data           4  system_stm32l0xx.o(.data)
    AHBPrescTable                            0x20000028   Data          16  system_stm32l0xx.o(.data)
    PLLMulTable                              0x20000038   Data           9  system_stm32l0xx.o(.data)
    htim6                                    0x20000044   Data          56  tim.o(.bss)
    __initial_sp                             0x20000480   Data           0  startup_stm32l053xx.o(STACK)



==============================================================================

Memory Map of the image

  Image Entry point : 0x080000c1

  Load Region LR_IROM1 (Base: 0x08000000, Size: 0x00000e44, Max: 0x00010000, ABSOLUTE)

    Execution Region ER_IROM1 (Base: 0x08000000, Size: 0x00000e00, Max: 0x00010000, ABSOLUTE)

    Base Addr    Size         Type   Attr      Idx    E Section Name        Object

    0x08000000   0x000000c0   Data   RO            3    RESET               startup_stm32l053xx.o
    0x080000c0   0x00000000   Code   RO         2227  * .ARM.Collect$$$$00000000  mc_p.l(entry.o)
    0x080000c0   0x00000004   Code   RO         2232    .ARM.Collect$$$$00000001  mc_p.l(entry2.o)
    0x080000c4   0x00000004   Code   RO         2235    .ARM.Collect$$$$00000004  mc_p.l(entry5.o)
    0x080000c8   0x00000000   Code   RO         2237    .ARM.Collect$$$$00000008  mc_p.l(entry7b.o)
    0x080000c8   0x00000000   Code   RO         2239    .ARM.Collect$$$$0000000A  mc_p.l(entry8b.o)
    0x080000c8   0x00000008   Code   RO         2240    .ARM.Collect$$$$0000000B  mc_p.l(entry9a.o)
    0x080000d0   0x00000000   Code   RO         2242    .ARM.Collect$$$$0000000D  mc_p.l(entry10a.o)
    0x080000d0   0x00000000   Code   RO         2244    .ARM.Collect$$$$0000000F  mc_p.l(entry11a.o)
    0x080000d0   0x00000004   Code   RO         2233    .ARM.Collect$$$$00002712  mc_p.l(entry2.o)
    0x080000d4   0x00000020   Code   RO            4    .text               startup_stm32l053xx.o
    0x080000f4   0x0000002c   Code   RO         2230    .text               mc_p.l(uidiv.o)
    0x08000120   0x00000024   Code   RO         2246    .text               mc_p.l(init.o)
    0x08000144   0x0000000c   Code   RO          139    i.EXTI4_15_IRQHandler  main.o
    0x08000150   0x00000016   Code   RO          512    i.HAL_Delay         stm32l0xx_hal.o
    0x08000166   0x00000002   PAD
    0x08000168   0x0000002c   Code   RO          140    i.HAL_GPIO_EXTI_Callback  main.o
    0x08000194   0x00000018   Code   RO         1319    i.HAL_GPIO_EXTI_IRQHandler  stm32l0xx_hal_gpio.o
    0x080001ac   0x00000174   Code   RO         1320    i.HAL_GPIO_Init     stm32l0xx_hal_gpio.o
    0x08000320   0x00000008   Code   RO         1323    i.HAL_GPIO_TogglePin  stm32l0xx_hal_gpio.o
    0x08000328   0x0000000c   Code   RO          523    i.HAL_GetTick       stm32l0xx_hal.o
    0x08000334   0x00000010   Code   RO          525    i.HAL_IncTick       stm32l0xx_hal.o
    0x08000344   0x00000028   Code   RO          526    i.HAL_Init          stm32l0xx_hal.o
    0x0800036c   0x00000022   Code   RO          527    i.HAL_InitTick      stm32l0xx_hal.o
    0x0800038e   0x00000002   PAD
    0x08000390   0x0000002c   Code   RO           12    i.HAL_MspInit       stm32l0xx_hal_msp.o
    0x080003bc   0x00000014   Code   RO         1158    i.HAL_NVIC_EnableIRQ  stm32l0xx_hal_cortex.o
    0x080003d0   0x00000008   Code   RO         1161    i.HAL_NVIC_SetPriority  stm32l0xx_hal_cortex.o
    0x080003d8   0x00000204   Code   RO         1061    i.HAL_RCC_ClockConfig  stm32l0xx_hal_rcc.o
    0x080005dc   0x00000028   Code   RO         1065    i.HAL_RCC_GetHCLKFreq  stm32l0xx_hal_rcc.o
    0x08000604   0x00000078   Code   RO         1069    i.HAL_RCC_GetSysClockFreq  stm32l0xx_hal_rcc.o
    0x0800067c   0x000003c4   Code   RO         1072    i.HAL_RCC_OscConfig  stm32l0xx_hal_rcc.o
    0x08000a40   0x00000018   Code   RO         1163    i.HAL_SYSTICK_CLKSourceConfig  stm32l0xx_hal_cortex.o
    0x08000a58   0x00000002   Code   RO         1164    i.HAL_SYSTICK_Callback  stm32l0xx_hal_cortex.o
    0x08000a5a   0x00000002   PAD
    0x08000a5c   0x00000030   Code   RO         1165    i.HAL_SYSTICK_Config  stm32l0xx_hal_cortex.o
    0x08000a8c   0x00000008   Code   RO         1166    i.HAL_SYSTICK_IRQHandler  stm32l0xx_hal_cortex.o
    0x08000a94   0x00000048   Code   RO         2171    i.HAL_TIMEx_MasterConfigSynchronization  stm32l0xx_hal_tim_ex.o
    0x08000adc   0x00000030   Code   RO         1559    i.HAL_TIM_Base_Init  stm32l0xx_hal_tim.o
    0x08000b0c   0x0000001c   Code   RO          215    i.HAL_TIM_Base_MspInit  tim.o
    0x08000b28   0x000000b4   Code   RO          194    i.MX_GPIO_Init      gpio.o
    0x08000bdc   0x0000002c   Code   RO          216    i.MX_TIM6_Init      tim.o
    0x08000c08   0x00000044   Code   RO         1167    i.NVIC_SetPriority  stm32l0xx_hal_cortex.o
    0x08000c4c   0x00000002   Code   RO          110    i.RCC_CRS_IRQHandler  stm32l0xx_it.o
    0x08000c4e   0x0000000c   Code   RO          111    i.SysTick_Handler   stm32l0xx_it.o
    0x08000c5a   0x00000002   PAD
    0x08000c5c   0x0000006c   Code   RO          141    i.SystemClock_Config  main.o
    0x08000cc8   0x00000054   Code   RO         2198    i.SystemInit        system_stm32l0xx.o
    0x08000d1c   0x00000044   Code   RO         1645    i.TIM_Base_SetConfig  stm32l0xx_hal_tim.o
    0x08000d60   0x0000000e   Code   RO         2250    i.__scatterload_copy  mc_p.l(handlers.o)
    0x08000d6e   0x00000002   Code   RO         2251    i.__scatterload_null  mc_p.l(handlers.o)
    0x08000d70   0x0000000e   Code   RO         2252    i.__scatterload_zeroinit  mc_p.l(handlers.o)
    0x08000d7e   0x00000014   Code   RO          142    i.interrupt_set_up  main.o
    0x08000d92   0x00000002   PAD
    0x08000d94   0x00000030   Code   RO          143    i.main              main.o
    0x08000dc4   0x0000001c   Data   RO         1073    .constdata          stm32l0xx_hal_rcc.o
    0x08000de0   0x00000020   Data   RO         2248    Region$$Table       anon$$obj.o


    Execution Region RW_IRAM1 (Base: 0x20000000, Size: 0x00000480, Max: 0x00002000, ABSOLUTE)

    Base Addr    Size         Type   Attr      Idx    E Section Name        Object

    0x20000000   0x00000004   Data   RW          144    .data               main.o
    0x20000004   0x00000004   Data   RW          536    .data               stm32l0xx_hal.o
    0x20000008   0x00000019   Data   RW         1074    .data               stm32l0xx_hal_rcc.o
    0x20000021   0x00000003   PAD
    0x20000024   0x0000001d   Data   RW         2199    .data               system_stm32l0xx.o
    0x20000041   0x00000003   PAD
    0x20000044   0x00000038   Zero   RW          217    .bss                tim.o
    0x2000007c   0x00000004   PAD
    0x20000080   0x00000400   Zero   RW            1    STACK               startup_stm32l053xx.o


==============================================================================

Image component sizes


      Code (inc. data)   RO Data    RW Data    ZI Data      Debug   Object Name

       180         20          0          0          0        595   gpio.o
       232         20          0          4          0       3176   main.o
        32         10        192          0       1024        800   startup_stm32l053xx.o
       124         18          0          4          0       3658   stm32l0xx_hal.o
       178         28          0          0          0      11655   stm32l0xx_hal_cortex.o
       404         36          0          0          0       3364   stm32l0xx_hal_gpio.o
        44          4          0          0          0     175586   stm32l0xx_hal_msp.o
      1640         80         28         25          0       5334   stm32l0xx_hal_rcc.o
       116         10          0          0          0       2484   stm32l0xx_hal_tim.o
        72          0          0          0          0       1176   stm32l0xx_hal_tim_ex.o
        14          0          0          0          0        891   stm32l0xx_it.o
        84         18          0         29          0       1421   system_stm32l0xx.o
        72         18          0          0         56       1434   tim.o

    ----------------------------------------------------------------------
      3202        262        252         68       1084     211574   Object Totals
         0          0         32          0          0          0   (incl. Generated)
        10          0          0          6          4          0   (incl. Padding)

    ----------------------------------------------------------------------

      Code (inc. data)   RO Data    RW Data    ZI Data      Debug   Library Member Name

         0          0          0          0          0          0   entry.o
         0          0          0          0          0          0   entry10a.o
         0          0          0          0          0          0   entry11a.o
         8          4          0          0          0          0   entry2.o
         4          0          0          0          0          0   entry5.o
         0          0          0          0          0          0   entry7b.o
         0          0          0          0          0          0   entry8b.o
         8          4          0          0          0          0   entry9a.o
        30          0          0          0          0          0   handlers.o
        36          8          0          0          0         68   init.o
        44          0          0          0          0         72   uidiv.o

    ----------------------------------------------------------------------
       130         16          0          0          0        140   Library Totals
         0          0          0          0          0          0   (incl. Padding)

    ----------------------------------------------------------------------

      Code (inc. data)   RO Data    RW Data    ZI Data      Debug   Library Name

       130         16          0          0          0        140   mc_p.l

    ----------------------------------------------------------------------
       130         16          0          0          0        140   Library Totals

    ----------------------------------------------------------------------

==============================================================================


      Code (inc. data)   RO Data    RW Data    ZI Data      Debug   

      3332        278        252         68       1084     210546   Grand Totals
      3332        278        252         68       1084     210546   ELF Image Totals
      3332        278        252         68          0          0   ROM Totals

==============================================================================

    Total RO  Size (Code + RO Data)                 3584 (   3.50kB)
    Total RW  Size (RW Data + ZI Data)              1152 (   1.13kB)
    Total ROM Size (Code + RO Data + RW Data)       3652 (   3.57kB)

==============================================================================

